[2026-08-18T07:30:42+08:00][sql] CONNECT:[ UseTime:0.003341s ] mysql:host=127.0.0.1;port=3306;dbname=auction;charset=utf8mb4
[2026-08-18T12:04:01+08:00][sql] CONNECT:[ UseTime:0.014363s ] mysql:host=127.0.0.1;port=3306;dbname=auction;charset=utf8mb4
[2026-08-18T12:04:01+08:00][sql] SHOW FULL COLUMNS FROM `goods` [ RunTime:0.002549s ]
[2026-08-18T12:04:01+08:00][sql] SELECT COUNT(*) AS think_count FROM `goods` `g` LEFT JOIN `user` `u` ON `g`.`seller_id`=`u`.`id` LEFT JOIN `category` `c` ON `g`.`category_id`=`c`.`id` WHERE  (  `u`.`nickname` LIKE '%19900000001%' OR `u`.`mobile` = '%19900000001%' ) [ RunTime:0.001516s ]
[2026-08-18T12:04:01+08:00][sql] SELECT `g`.*,u.mobile as seller_mobile,u.nickname as seller_name,c.name as category_name FROM `goods` `g` LEFT JOIN `user` `u` ON `g`.`seller_id`=`u`.`id` LEFT JOIN `category` `c` ON `g`.`category_id`=`c`.`id` WHERE  (  `u`.`nickname` LIKE '%19900000001%' OR `u`.`mobile` = '%19900000001%' ) ORDER BY `g`.`id` DESC LIMIT 0,15 [ RunTime:0.002085s ]
[2026-08-18T12:05:37+08:00][sql] CONNECT:[ UseTime:0.017629s ] mysql:host=127.0.0.1;port=3306;dbname=auction;charset=utf8mb4
[2026-08-18T12:05:37+08:00][sql] SHOW FULL COLUMNS FROM `goods` [ RunTime:0.001889s ]
[2026-08-18T12:05:37+08:00][sql] SELECT COUNT(*) AS think_count FROM `goods` `g` LEFT JOIN `user` `u` ON `g`.`seller_id`=`u`.`id` LEFT JOIN `category` `c` ON `g`.`category_id`=`c`.`id` WHERE  (  `u`.`nickname` LIKE '%19900000001%' OR `u`.`mobile` = '%19900000001%' ) [ RunTime:0.001246s ]
[2026-08-18T12:05:37+08:00][sql] SELECT `g`.*,u.mobile as seller_mobile,u.nickname as seller_name,c.name as category_name FROM `goods` `g` LEFT JOIN `user` `u` ON `g`.`seller_id`=`u`.`id` LEFT JOIN `category` `c` ON `g`.`category_id`=`c`.`id` WHERE  (  `u`.`nickname` LIKE '%19900000001%' OR `u`.`mobile` = '%19900000001%' ) ORDER BY `g`.`id` DESC LIMIT 0,15 [ RunTime:0.001781s ]
[2026-08-18T21:37:13+08:00][sql] CONNECT:[ UseTime:0.002849s ] mysql:host=127.0.0.1;port=3306;dbname=auction;charset=utf8mb4
[2026-08-18T21:37:13+08:00][sql] SHOW FULL COLUMNS FROM `setting` [ RunTime:0.001725s ]
[2026-08-18T21:37:13+08:00][sql] SELECT * FROM `setting` WHERE  `name` = 'service_link' LIMIT 1 [ RunTime:0.000998s ]
[2026-08-18T21:37:13+08:00][sql] INSERT INTO `setting` SET `name` = 'service_link' , `value` = 'https://example.com/kf' , `create_time` = 1787060233 [ RunTime:0.001634s ]
[2026-08-18T21:49:28+08:00][sql] CONNECT:[ UseTime:0.003075s ] mysql:host=127.0.0.1;port=3306;dbname=auction;charset=utf8mb4
[2026-08-18T21:49:28+08:00][sql] CREATE TABLE IF NOT EXISTS pay_account (
  id INT UNSIGNED AUTO_INCREMENT PRIMARY KEY,
  user_id INT UNSIGNED NOT NULL DEFAULT 0,
  type TINYINT NOT NULL DEFAULT 1 COMMENT '1支付宝 2微信 3银行卡',
  real_name VARCHAR(50) NOT NULL DEFAULT '' COMMENT '姓名',
  account VARCHAR(100) NOT NULL DEFAULT '' COMMENT '账号',
  bank_name VARCHAR(50) NOT NULL DEFAULT '' COMMENT '银行名称(银行卡)',
  qr_code VARCHAR(255) NOT NULL DEFAULT '' COMMENT '收款码图片(支付宝/微信)',
  create_time INT NOT NULL DEFAULT 0,
  update_time INT NOT NULL DEFAULT 0,
  UNIQUE KEY uk_user_type (user_id, type)
) ENGINE=InnoDB DEFAULT CHARSET=utf8mb4 COMMENT='用户提现账户绑定' [ RunTime:0.022093s ]
[2026-08-18T21:49:28+08:00][sql] SHOW COLUMNS FROM withdraw [ RunTime:0.002990s ]
[2026-08-18T21:49:28+08:00][sql] ALTER TABLE withdraw ADD COLUMN bank_name VARCHAR(50) NOT NULL DEFAULT '' COMMENT '银行名称' AFTER account_name [ RunTime:0.078285s ]
[2026-08-18T21:49:28+08:00][sql] ALTER TABLE withdraw ADD COLUMN qr_code VARCHAR(255) NOT NULL DEFAULT '' COMMENT '收款码图片' AFTER bank_name [ RunTime:0.076369s ]
[2026-08-18T21:56:11+08:00][sql] CONNECT:[ UseTime:0.013160s ] mysql:host=127.0.0.1;port=3306;dbname=auction;charset=utf8mb4
[2026-08-18T21:56:11+08:00][sql] SHOW FULL COLUMNS FROM `withdraw` [ RunTime:0.005022s ]
[2026-08-18T21:56:11+08:00][sql] SELECT * FROM `withdraw` ORDER BY `id` DESC LIMIT 3 [ RunTime:0.001363s ]
[2026-08-18T21:56:11+08:00][sql] SHOW FULL COLUMNS FROM `pay_account` [ RunTime:0.004813s ]
[2026-08-18T21:56:11+08:00][sql] SELECT COUNT(*) AS think_count FROM `pay_account` [ RunTime:0.001034s ]
[2026-08-18T21:56:11+08:00][sql] SELECT * FROM `pay_account` ORDER BY `id` [ RunTime:0.001093s ]
[2026-08-18T21:59:05+08:00][sql] CONNECT:[ UseTime:0.003583s ] mysql:host=127.0.0.1;port=3306;dbname=auction;charset=utf8mb4
[2026-08-18T21:59:05+08:00][sql] SHOW FULL COLUMNS FROM `pay_account` [ RunTime:0.004503s ]
[2026-08-18T21:59:05+08:00][sql] DELETE FROM `pay_account` WHERE  `user_id` = 21 [ RunTime:0.002161s ]
[2026-08-18T21:59:05+08:00][sql] SHOW FULL COLUMNS FROM `withdraw` [ RunTime:0.006811s ]
[2026-08-18T21:59:05+08:00][sql] DELETE FROM `withdraw` WHERE  `id` IN (7,8) [ RunTime:0.001827s ]
[2026-08-18T21:59:05+08:00][sql] SHOW FULL COLUMNS FROM `setting` [ RunTime:0.002494s ]
[2026-08-18T21:59:05+08:00][sql] DELETE FROM `setting` WHERE  `name` = 'service_link' [ RunTime:0.001509s ]
[2026-08-18T21:59:05+08:00][sql] SELECT COUNT(*) AS think_count FROM `pay_account` [ RunTime:0.000834s ]
[2026-08-18T21:59:05+08:00][sql] SELECT COUNT(*) AS think_count FROM `withdraw` WHERE  `user_id` = 21 [ RunTime:0.000897s ]
[2026-08-18T21:59:05+08:00][sql] SELECT COUNT(*) AS think_count FROM `setting` WHERE  `name` = 'service_link' [ RunTime:0.000693s ]
[2026-08-18T22:07:35+08:00][sql] CONNECT:[ UseTime:0.019907s ] mysql:host=127.0.0.1;port=3306;dbname=auction;charset=utf8mb4
[2026-08-18T22:07:35+08:00][sql] SHOW FULL COLUMNS FROM `user` [ RunTime:0.002060s ]
[2026-08-18T22:07:35+08:00][sql] SELECT `id`,`mobile`,`balance` FROM `user` WHERE  `id` = 21 LIMIT 1 [ RunTime:0.000908s ]
[2026-08-18T22:07:35+08:00][sql] CONNECT:[ UseTime:0.002868s ] mysql:host=127.0.0.1;port=3306;dbname=auction;charset=utf8mb4
[2026-08-18T22:07:35+08:00][sql] SHOW FULL COLUMNS FROM `user` [ RunTime:0.001912s ]
[2026-08-18T22:07:35+08:00][sql] SELECT `id`,`mobile`,`balance` FROM `user` WHERE  `id` = 21 LIMIT 1 [ RunTime:0.000697s ]
[2026-08-18T22:07:48+08:00][sql] CONNECT:[ UseTime:0.002930s ] mysql:host=127.0.0.1;port=3306;dbname=auction;charset=utf8mb4
[2026-08-18T22:07:48+08:00][sql] SHOW FULL COLUMNS FROM `user` [ RunTime:0.001954s ]
[2026-08-18T22:07:48+08:00][sql] SELECT `id`,`mobile`,`balance` FROM `user` WHERE  `id` = 21 LIMIT 1 [ RunTime:0.000704s ]
[2026-08-18T22:08:07+08:00][sql] CONNECT:[ UseTime:0.002813s ] mysql:host=127.0.0.1;port=3306;dbname=auction;charset=utf8mb4
[2026-08-18T22:08:07+08:00][sql] SHOW FULL COLUMNS FROM `user` [ RunTime:0.001815s ]
[2026-08-18T22:08:07+08:00][sql] SELECT `id`,`mobile`,`balance` FROM `user` WHERE  `id` = 21 LIMIT 1 [ RunTime:0.000637s ]
[2026-08-18T22:09:19+08:00][sql] CONNECT:[ UseTime:0.013641s ] mysql:host=127.0.0.1;port=3306;dbname=auction;charset=utf8mb4
[2026-08-18T22:09:19+08:00][sql] SHOW FULL COLUMNS FROM `withdraw` [ RunTime:0.002012s ]
[2026-08-18T22:09:19+08:00][sql] DELETE FROM `withdraw` WHERE  `id` IN (10,11) [ RunTime:0.002313s ]
[2026-08-18T22:09:19+08:00][sql] SHOW FULL COLUMNS FROM `pay_account` [ RunTime:0.003017s ]
[2026-08-18T22:09:19+08:00][sql] DELETE FROM `pay_account` WHERE  `user_id` = 21 [ RunTime:0.002261s ]
[2026-08-18T22:09:19+08:00][sql] SHOW FULL COLUMNS FROM `balance_log` [ RunTime:0.001540s ]
[2026-08-18T22:09:19+08:00][sql] DELETE FROM `balance_log` WHERE  `user_id` = 21  AND `remark` LIKE '%提现申请冻结%' OR (  `user_id` = 21  AND `remark` LIKE '%提现拒绝退回%' ) [ RunTime:0.001996s ]
[2026-08-18T22:09:19+08:00][sql] SHOW FULL COLUMNS FROM `user` [ RunTime:0.002222s ]
[2026-08-18T22:09:19+08:00][sql] UPDATE `user`  SET `balance` = '20' , `update_time` = 1787062159  WHERE  `id` = 21 [ RunTime:0.001473s ]
[2026-08-18T22:09:19+08:00][sql] SELECT COUNT(*) AS think_count FROM `withdraw` WHERE  `user_id` = 21 [ RunTime:0.001123s ]
[2026-08-18T22:09:19+08:00][sql] SELECT COUNT(*) AS think_count FROM `pay_account` WHERE  `user_id` = 21 [ RunTime:0.001115s ]
[2026-08-18T22:09:19+08:00][sql] SELECT `balance` FROM `user` WHERE  `id` = 21 LIMIT 1 [ RunTime:0.000894s ]
[2026-08-18T22:17:32+08:00][sql] CONNECT:[ UseTime:0.002800s ] mysql:host=127.0.0.1;port=3306;dbname=auction;charset=utf8mb4
[2026-08-18T22:17:32+08:00][sql] SHOW FULL COLUMNS FROM `withdraw` [ RunTime:0.002190s ]
[2026-08-18T22:17:32+08:00][sql] INSERT INTO `withdraw` SET `user_id` = 21 , `amount` = '1' , `fee` = '0.01' , `account_type` = 1 , `account` = 'test@alipay.com' , `account_name` = '张三' , `bank_name` = '' , `qr_code` = '' , `status` = 2 , `refuse_reason` = '收款信息有误，请重新绑定后申请' , `handle_time` = 1787062652 , `create_time` = 1787062652 , `update_time` = 1787062652 [ RunTime:0.002473s ]
[2026-08-18T22:24:56+08:00][sql] CONNECT:[ UseTime:0.002487s ] mysql:host=127.0.0.1;port=3306;dbname=auction;charset=utf8mb4
[2026-08-18T22:24:56+08:00][sql] SHOW FULL COLUMNS FROM `withdraw` [ RunTime:0.001629s ]
[2026-08-18T22:24:56+08:00][sql] DELETE FROM `withdraw` WHERE  `id` = 13 [ RunTime:0.004607s ]
[2026-08-18T22:24:56+08:00][sql] SELECT COUNT(*) AS think_count FROM `withdraw` WHERE  `user_id` = 21 [ RunTime:0.000668s ]
[2026-08-18T23:34:14+08:00][sql] CONNECT:[ UseTime:0.005791s ] mysql:host=127.0.0.1;port=3306;dbname=auction;charset=utf8mb4
[2026-08-18T23:34:14+08:00][sql] SHOW FULL COLUMNS FROM `admin_user` [ RunTime:0.007388s ]
[2026-08-18T23:34:14+08:00][sql] SELECT * FROM `admin_user` WHERE  `id` = 1 LIMIT 1 [ RunTime:0.001010s ]
