[2026-08-17T21:31:15+08:00][error] [0]Driver [Think] not supported.[D:\work\08\17_3\vendor\topthink\framework\src\think\Manager.php:104]
[2026-08-17T21:43:47+08:00][sql] CONNECT:[ UseTime:0.003360s ] mysql:host=127.0.0.1;port=3306;dbname=auction;charset=utf8mb4
[2026-08-17T21:43:47+08:00][sql] SHOW FULL COLUMNS FROM `admin_user` [ RunTime:0.005290s ]
[2026-08-17T21:43:47+08:00][sql] SELECT * FROM `admin_user` WHERE  `username` = 'admin' LIMIT 1 [ RunTime:0.001182s ]
[2026-08-17T21:43:47+08:00][sql] UPDATE `admin_user`  SET `last_login_ip` = '127.0.0.1' , `last_login_time` = 1786974227  WHERE  `id` = 1 [ RunTime:0.002793s ]
[2026-08-17T21:43:47+08:00][sql] SHOW FULL COLUMNS FROM `admin_log` [ RunTime:0.005469s ]
[2026-08-17T21:43:52+08:00][sql] CONNECT:[ UseTime:0.015844s ] mysql:host=127.0.0.1;port=3306;dbname=auction;charset=utf8mb4
[2026-08-17T21:43:52+08:00][sql] SHOW FULL COLUMNS FROM `user` [ RunTime:0.003376s ]
[2026-08-17T21:43:52+08:00][sql] SELECT COUNT(*) AS think_count FROM `user` [ RunTime:0.001217s ]
[2026-08-17T21:43:52+08:00][sql] SELECT COUNT(*) AS think_count FROM `user` WHERE  `is_seller` = 1 [ RunTime:0.001091s ]
[2026-08-17T21:43:52+08:00][sql] SHOW FULL COLUMNS FROM `goods` [ RunTime:0.004177s ]
[2026-08-17T21:43:52+08:00][sql] SELECT COUNT(*) AS think_count FROM `goods` [ RunTime:0.001132s ]
[2026-08-17T21:43:52+08:00][sql] SELECT COUNT(*) AS think_count FROM `goods` WHERE  `status` = 1  AND `end_time` > 1786974232 [ RunTime:0.000888s ]
[2026-08-17T21:43:52+08:00][sql] SHOW FULL COLUMNS FROM `order` [ RunTime:0.004607s ]
[2026-08-17T21:43:52+08:00][sql] SELECT COUNT(*) AS think_count FROM `order` [ RunTime:0.001125s ]
[2026-08-17T21:43:52+08:00][sql] SELECT COUNT(*) AS think_count FROM `order` WHERE  `pay_status` = 0  AND `order_status` = 0 [ RunTime:0.001187s ]
[2026-08-17T21:43:52+08:00][sql] SELECT COUNT(*) AS think_count FROM `goods` WHERE  `status` = 0 [ RunTime:0.001239s ]
[2026-08-17T21:43:52+08:00][sql] SELECT COUNT(*) AS think_count FROM `user` WHERE  `seller_check` = 0 [ RunTime:0.001087s ]
[2026-08-17T21:43:52+08:00][sql] SHOW FULL COLUMNS FROM `withdraw` [ RunTime:0.004073s ]
[2026-08-17T21:43:52+08:00][sql] SELECT COUNT(*) AS think_count FROM `withdraw` WHERE  `status` = 0 [ RunTime:0.001018s ]
[2026-08-17T21:43:52+08:00][sql] SELECT SUM(`price`) AS think_sum FROM `order` WHERE  `pay_status` = 1 [ RunTime:0.001027s ]
[2026-08-17T21:43:52+08:00][sql] SELECT SUM(`commission`) AS think_sum FROM `order` WHERE  `pay_status` = 1 [ RunTime:0.001003s ]
[2026-08-17T21:43:52+08:00][sql] SELECT SUM(`price`) AS think_sum FROM `order` WHERE  `pay_status` = 1  AND `pay_time` > 1786896000 [ RunTime:0.000781s ]
[2026-08-17T21:43:52+08:00][sql] SELECT * FROM `order` ORDER BY `id` DESC LIMIT 8 [ RunTime:0.000957s ]
[2026-08-17T21:43:52+08:00][sql] SHOW FULL COLUMNS FROM `bid_record` [ RunTime:0.004181s ]
[2026-08-17T21:43:52+08:00][sql] SELECT `b`.*,g.title as goods_title,`u`.`nickname`,`u`.`mobile` FROM `bid_record` `b` LEFT JOIN `goods` `g` ON `b`.`goods_id`=`g`.`id` LEFT JOIN `user` `u` ON `b`.`user_id`=`u`.`id` ORDER BY `b`.`id` DESC LIMIT 8 [ RunTime:0.001197s ]
[2026-08-17T21:43:52+08:00][sql] SELECT SUM(`price`) AS think_sum FROM `order` WHERE  `pay_time` >= 1786377600  AND `pay_time` < 1786464000 [ RunTime:0.000971s ]
[2026-08-17T21:43:52+08:00][sql] SELECT COUNT(*) AS think_count FROM `order` WHERE  `pay_time` >= 1786377600  AND `pay_time` < 1786464000 [ RunTime:0.000984s ]
[2026-08-17T21:43:52+08:00][sql] SELECT SUM(`price`) AS think_sum FROM `order` WHERE  `pay_time` >= 1786464000  AND `pay_time` < 1786550400 [ RunTime:0.000942s ]
[2026-08-17T21:43:52+08:00][sql] SELECT COUNT(*) AS think_count FROM `order` WHERE  `pay_time` >= 1786464000  AND `pay_time` < 1786550400 [ RunTime:0.000611s ]
[2026-08-17T21:43:52+08:00][sql] SELECT SUM(`price`) AS think_sum FROM `order` WHERE  `pay_time` >= 1786550400  AND `pay_time` < 1786636800 [ RunTime:0.000676s ]
[2026-08-17T21:43:52+08:00][sql] SELECT COUNT(*) AS think_count FROM `order` WHERE  `pay_time` >= 1786550400  AND `pay_time` < 1786636800 [ RunTime:0.000748s ]
[2026-08-17T21:43:52+08:00][sql] SELECT SUM(`price`) AS think_sum FROM `order` WHERE  `pay_time` >= 1786636800  AND `pay_time` < 1786723200 [ RunTime:0.000622s ]
[2026-08-17T21:43:52+08:00][sql] SELECT COUNT(*) AS think_count FROM `order` WHERE  `pay_time` >= 1786636800  AND `pay_time` < 1786723200 [ RunTime:0.000605s ]
[2026-08-17T21:43:52+08:00][sql] SELECT SUM(`price`) AS think_sum FROM `order` WHERE  `pay_time` >= 1786723200  AND `pay_time` < 1786809600 [ RunTime:0.000611s ]
[2026-08-17T21:43:52+08:00][sql] SELECT COUNT(*) AS think_count FROM `order` WHERE  `pay_time` >= 1786723200  AND `pay_time` < 1786809600 [ RunTime:0.000608s ]
[2026-08-17T21:43:52+08:00][sql] SELECT SUM(`price`) AS think_sum FROM `order` WHERE  `pay_time` >= 1786809600  AND `pay_time` < 1786896000 [ RunTime:0.000611s ]
[2026-08-17T21:43:52+08:00][sql] SELECT COUNT(*) AS think_count FROM `order` WHERE  `pay_time` >= 1786809600  AND `pay_time` < 1786896000 [ RunTime:0.000613s ]
[2026-08-17T21:43:52+08:00][sql] SELECT SUM(`price`) AS think_sum FROM `order` WHERE  `pay_time` >= 1786896000  AND `pay_time` < 1786982400 [ RunTime:0.000491s ]
[2026-08-17T21:43:52+08:00][sql] SELECT COUNT(*) AS think_count FROM `order` WHERE  `pay_time` >= 1786896000  AND `pay_time` < 1786982400 [ RunTime:0.000475s ]
[2026-08-17T21:43:52+08:00][error] [0]模板文件不存在:D:\work\08\17_3\app\admin\view\..\layout.html[D:\work\08\17_3\vendor\topthink\think-template\src\Template.php:1241]
[2026-08-17T21:43:52+08:00][error] [0]模板文件不存在:D:\work\08\17_3\app\admin\view\..\layout.html[D:\work\08\17_3\vendor\topthink\think-template\src\Template.php:1241]
[2026-08-17T21:43:52+08:00][sql] CONNECT:[ UseTime:0.012855s ] mysql:host=127.0.0.1;port=3306;dbname=auction;charset=utf8mb4
[2026-08-17T21:43:52+08:00][sql] SHOW FULL COLUMNS FROM `category` [ RunTime:0.003843s ]
[2026-08-17T21:43:52+08:00][sql] SELECT * FROM `category` WHERE  `status` = 1 ORDER BY `sort` ASC [ RunTime:0.001402s ]
[2026-08-17T21:43:52+08:00][error] [0]模板文件不存在:D:\work\08\17_3\app\admin\view\..\layout.html[D:\work\08\17_3\vendor\topthink\think-template\src\Template.php:1241]
[2026-08-17T21:43:53+08:00][error] [0]模板文件不存在:D:\work\08\17_3\app\admin\view\..\layout.html[D:\work\08\17_3\vendor\topthink\think-template\src\Template.php:1241]
[2026-08-17T21:43:53+08:00][error] [0]模板文件不存在:D:\work\08\17_3\app\admin\view\..\layout.html[D:\work\08\17_3\vendor\topthink\think-template\src\Template.php:1241]
[2026-08-17T21:43:53+08:00][sql] CONNECT:[ UseTime:0.020200s ] mysql:host=127.0.0.1;port=3306;dbname=auction;charset=utf8mb4
[2026-08-17T21:43:53+08:00][sql] SHOW FULL COLUMNS FROM `setting` [ RunTime:0.003730s ]
[2026-08-17T21:43:53+08:00][sql] SELECT `value`,`name` FROM `setting` [ RunTime:0.000935s ]
[2026-08-17T21:43:53+08:00][error] [0]模板文件不存在:D:\work\08\17_3\app\admin\view\..\layout.html[D:\work\08\17_3\vendor\topthink\think-template\src\Template.php:1241]
[2026-08-17T21:45:57+08:00][sql] CONNECT:[ UseTime:0.018463s ] mysql:host=127.0.0.1;port=3306;dbname=auction;charset=utf8mb4
[2026-08-17T21:45:57+08:00][sql] SHOW FULL COLUMNS FROM `user` [ RunTime:0.003533s ]
[2026-08-17T21:45:57+08:00][sql] SELECT COUNT(*) AS think_count FROM `user` [ RunTime:0.000650s ]
[2026-08-17T21:45:57+08:00][sql] SELECT COUNT(*) AS think_count FROM `user` WHERE  `is_seller` = 1 [ RunTime:0.000964s ]
[2026-08-17T21:45:57+08:00][sql] SHOW FULL COLUMNS FROM `goods` [ RunTime:0.002929s ]
[2026-08-17T21:45:57+08:00][sql] SELECT COUNT(*) AS think_count FROM `goods` [ RunTime:0.000516s ]
[2026-08-17T21:45:57+08:00][sql] SELECT COUNT(*) AS think_count FROM `goods` WHERE  `status` = 1  AND `end_time` > 1786974357 [ RunTime:0.000509s ]
[2026-08-17T21:45:57+08:00][sql] SHOW FULL COLUMNS FROM `order` [ RunTime:0.002041s ]
[2026-08-17T21:45:57+08:00][sql] SELECT COUNT(*) AS think_count FROM `order` [ RunTime:0.000637s ]
[2026-08-17T21:45:57+08:00][sql] SELECT COUNT(*) AS think_count FROM `order` WHERE  `pay_status` = 0  AND `order_status` = 0 [ RunTime:0.000687s ]
[2026-08-17T21:45:57+08:00][sql] SELECT COUNT(*) AS think_count FROM `goods` WHERE  `status` = 0 [ RunTime:0.000752s ]
[2026-08-17T21:45:57+08:00][sql] SELECT COUNT(*) AS think_count FROM `user` WHERE  `seller_check` = 0 [ RunTime:0.000945s ]
[2026-08-17T21:45:57+08:00][sql] SHOW FULL COLUMNS FROM `withdraw` [ RunTime:0.003665s ]
[2026-08-17T21:45:57+08:00][sql] SELECT COUNT(*) AS think_count FROM `withdraw` WHERE  `status` = 0 [ RunTime:0.000865s ]
[2026-08-17T21:45:57+08:00][sql] SELECT SUM(`price`) AS think_sum FROM `order` WHERE  `pay_status` = 1 [ RunTime:0.000918s ]
[2026-08-17T21:45:57+08:00][sql] SELECT SUM(`commission`) AS think_sum FROM `order` WHERE  `pay_status` = 1 [ RunTime:0.000948s ]
[2026-08-17T21:45:57+08:00][sql] SELECT SUM(`price`) AS think_sum FROM `order` WHERE  `pay_status` = 1  AND `pay_time` > 1786896000 [ RunTime:0.000626s ]
[2026-08-17T21:45:57+08:00][sql] SELECT * FROM `order` ORDER BY `id` DESC LIMIT 8 [ RunTime:0.000562s ]
[2026-08-17T21:45:57+08:00][sql] SHOW FULL COLUMNS FROM `bid_record` [ RunTime:0.003312s ]
[2026-08-17T21:45:57+08:00][sql] SELECT `b`.*,g.title as goods_title,`u`.`nickname`,`u`.`mobile` FROM `bid_record` `b` LEFT JOIN `goods` `g` ON `b`.`goods_id`=`g`.`id` LEFT JOIN `user` `u` ON `b`.`user_id`=`u`.`id` ORDER BY `b`.`id` DESC LIMIT 8 [ RunTime:0.001074s ]
[2026-08-17T21:45:57+08:00][sql] SELECT SUM(`price`) AS think_sum FROM `order` WHERE  `pay_time` >= 1786377600  AND `pay_time` < 1786464000 [ RunTime:0.000999s ]
[2026-08-17T21:45:57+08:00][sql] SELECT COUNT(*) AS think_count FROM `order` WHERE  `pay_time` >= 1786377600  AND `pay_time` < 1786464000 [ RunTime:0.000645s ]
[2026-08-17T21:45:57+08:00][sql] SELECT SUM(`price`) AS think_sum FROM `order` WHERE  `pay_time` >= 1786464000  AND `pay_time` < 1786550400 [ RunTime:0.000633s ]
[2026-08-17T21:45:57+08:00][sql] SELECT COUNT(*) AS think_count FROM `order` WHERE  `pay_time` >= 1786464000  AND `pay_time` < 1786550400 [ RunTime:0.000604s ]
[2026-08-17T21:45:57+08:00][sql] SELECT SUM(`price`) AS think_sum FROM `order` WHERE  `pay_time` >= 1786550400  AND `pay_time` < 1786636800 [ RunTime:0.000615s ]
[2026-08-17T21:45:57+08:00][sql] SELECT COUNT(*) AS think_count FROM `order` WHERE  `pay_time` >= 1786550400  AND `pay_time` < 1786636800 [ RunTime:0.000603s ]
[2026-08-17T21:45:57+08:00][sql] SELECT SUM(`price`) AS think_sum FROM `order` WHERE  `pay_time` >= 1786636800  AND `pay_time` < 1786723200 [ RunTime:0.000612s ]
[2026-08-17T21:45:57+08:00][sql] SELECT COUNT(*) AS think_count FROM `order` WHERE  `pay_time` >= 1786636800  AND `pay_time` < 1786723200 [ RunTime:0.000620s ]
[2026-08-17T21:45:57+08:00][sql] SELECT SUM(`price`) AS think_sum FROM `order` WHERE  `pay_time` >= 1786723200  AND `pay_time` < 1786809600 [ RunTime:0.000637s ]
[2026-08-17T21:45:57+08:00][sql] SELECT COUNT(*) AS think_count FROM `order` WHERE  `pay_time` >= 1786723200  AND `pay_time` < 1786809600 [ RunTime:0.000494s ]
[2026-08-17T21:45:57+08:00][sql] SELECT SUM(`price`) AS think_sum FROM `order` WHERE  `pay_time` >= 1786809600  AND `pay_time` < 1786896000 [ RunTime:0.000481s ]
[2026-08-17T21:45:57+08:00][sql] SELECT COUNT(*) AS think_count FROM `order` WHERE  `pay_time` >= 1786809600  AND `pay_time` < 1786896000 [ RunTime:0.000386s ]
[2026-08-17T21:45:57+08:00][sql] SELECT SUM(`price`) AS think_sum FROM `order` WHERE  `pay_time` >= 1786896000  AND `pay_time` < 1786982400 [ RunTime:0.000486s ]
[2026-08-17T21:45:57+08:00][sql] SELECT COUNT(*) AS think_count FROM `order` WHERE  `pay_time` >= 1786896000  AND `pay_time` < 1786982400 [ RunTime:0.000385s ]
[2026-08-17T21:45:57+08:00][sql] CONNECT:[ UseTime:0.017136s ] mysql:host=127.0.0.1;port=3306;dbname=auction;charset=utf8mb4
[2026-08-17T21:45:57+08:00][sql] SHOW FULL COLUMNS FROM `category` [ RunTime:0.004084s ]
[2026-08-17T21:45:57+08:00][sql] SELECT * FROM `category` WHERE  `status` = 1 ORDER BY `sort` ASC [ RunTime:0.000724s ]
[2026-08-17T21:45:57+08:00][sql] CONNECT:[ UseTime:0.014604s ] mysql:host=127.0.0.1;port=3306;dbname=auction;charset=utf8mb4
[2026-08-17T21:45:57+08:00][sql] SHOW FULL COLUMNS FROM `setting` [ RunTime:0.002677s ]
[2026-08-17T21:45:57+08:00][sql] SELECT `value`,`name` FROM `setting` [ RunTime:0.000950s ]
[2026-08-17T21:45:57+08:00][sql] CONNECT:[ UseTime:0.015005s ] mysql:host=127.0.0.1;port=3306;dbname=auction;charset=utf8mb4
[2026-08-17T21:45:57+08:00][sql] SHOW FULL COLUMNS FROM `category` [ RunTime:0.003651s ]
[2026-08-17T21:45:57+08:00][sql] SELECT * FROM `category` ORDER BY `sort` ASC,`id` ASC [ RunTime:0.000933s ]
[2026-08-17T21:45:57+08:00][sql] SHOW FULL COLUMNS FROM `goods` [ RunTime:0.003592s ]
[2026-08-17T21:45:57+08:00][sql] SELECT COUNT(*),`category_id` FROM `goods` GROUP BY `category_id` [ RunTime:0.000985s ]
[2026-08-17T21:47:29+08:00][sql] CONNECT:[ UseTime:0.002088s ] mysql:host=127.0.0.1;port=3306;dbname=auction;charset=utf8mb4
[2026-08-17T21:47:29+08:00][sql] SHOW FULL COLUMNS FROM `goods` [ RunTime:0.003193s ]
[2026-08-17T21:47:29+08:00][sql] SELECT `g`.*,u.mobile as seller_mobile,u.nickname as seller_name,c.name as category_name FROM `goods` `g` LEFT JOIN `user` `u` ON `g`.`seller_id`=`u`.`id` LEFT JOIN `category` `c` ON `g`.`category_id`=`c`.`id` WHERE  `g`.`id` = '1' LIMIT 1 [ RunTime:0.004020s ]
[2026-08-17T21:47:29+08:00][sql] CONNECT:[ UseTime:0.021707s ] mysql:host=127.0.0.1;port=3306;dbname=auction;charset=utf8mb4
[2026-08-17T21:47:29+08:00][sql] SHOW FULL COLUMNS FROM `order` [ RunTime:0.003190s ]
[2026-08-17T21:47:29+08:00][sql] SELECT `o`.*,u.mobile as buyer_mobile,u.nickname as buyer_name,s.mobile as seller_mobile,s.nickname as seller_name FROM `order` `o` LEFT JOIN `user` `u` ON `o`.`buyer_id`=`u`.`id` LEFT JOIN `user` `s` ON `o`.`seller_id`=`s`.`id` WHERE  `o`.`id` = '1' LIMIT 1 [ RunTime:0.003607s ]
[2026-08-17T21:47:29+08:00][sql] CONNECT:[ UseTime:0.017488s ] mysql:host=127.0.0.1;port=3306;dbname=auction;charset=utf8mb4
[2026-08-17T21:47:29+08:00][sql] SHOW FULL COLUMNS FROM `user` [ RunTime:0.003586s ]
[2026-08-17T21:47:29+08:00][sql] SELECT * FROM `user` WHERE  `id` = 1 LIMIT 1 [ RunTime:0.001119s ]
[2026-08-17T21:47:33+08:00][sql] CONNECT:[ UseTime:0.025224s ] mysql:host=127.0.0.1;port=3306;dbname=auction;charset=utf8mb4
[2026-08-17T21:47:33+08:00][sql] SHOW FULL COLUMNS FROM `goods` [ RunTime:0.003449s ]
[2026-08-17T21:47:33+08:00][sql] SELECT `g`.*,u.mobile as seller_mobile,u.nickname as seller_name,c.name as category_name FROM `goods` `g` LEFT JOIN `user` `u` ON `g`.`seller_id`=`u`.`id` LEFT JOIN `category` `c` ON `g`.`category_id`=`c`.`id` WHERE  `g`.`id` = '1' LIMIT 1 [ RunTime:0.003889s ]
[2026-08-17T21:47:59+08:00][sql] CONNECT:[ UseTime:0.002068s ] mysql:host=127.0.0.1;port=3306;dbname=auction;charset=utf8mb4
[2026-08-17T21:47:59+08:00][sql] SHOW FULL COLUMNS FROM `goods` [ RunTime:0.003089s ]
[2026-08-17T21:47:59+08:00][sql] SELECT `g`.*,u.mobile as seller_mobile,u.nickname as seller_name,c.name as category_name FROM `goods` `g` LEFT JOIN `user` `u` ON `g`.`seller_id`=`u`.`id` LEFT JOIN `category` `c` ON `g`.`category_id`=`c`.`id` WHERE  `g`.`id` = '1' LIMIT 1 [ RunTime:0.003557s ]
[2026-08-17T21:49:05+08:00][sql] CONNECT:[ UseTime:0.024356s ] mysql:host=127.0.0.1;port=3306;dbname=auction;charset=utf8mb4
[2026-08-17T21:49:05+08:00][sql] SHOW FULL COLUMNS FROM `user` [ RunTime:0.003256s ]
[2026-08-17T21:49:05+08:00][sql] SELECT COUNT(*) AS think_count FROM `user` [ RunTime:0.000786s ]
[2026-08-17T21:49:05+08:00][sql] SELECT * FROM `user` ORDER BY `id` DESC LIMIT 0,15 [ RunTime:0.000828s ]
[2026-08-17T21:49:06+08:00][sql] CONNECT:[ UseTime:0.012886s ] mysql:host=127.0.0.1;port=3306;dbname=auction;charset=utf8mb4
[2026-08-17T21:49:06+08:00][sql] SHOW FULL COLUMNS FROM `goods` [ RunTime:0.003108s ]
[2026-08-17T21:49:06+08:00][sql] SELECT COUNT(*) AS think_count FROM `goods` `g` LEFT JOIN `user` `u` ON `g`.`seller_id`=`u`.`id` LEFT JOIN `category` `c` ON `g`.`category_id`=`c`.`id` [ RunTime:0.003974s ]
[2026-08-17T21:49:06+08:00][sql] SELECT `g`.*,u.mobile as seller_mobile,u.nickname as seller_name,c.name as category_name FROM `goods` `g` LEFT JOIN `user` `u` ON `g`.`seller_id`=`u`.`id` LEFT JOIN `category` `c` ON `g`.`category_id`=`c`.`id` ORDER BY `g`.`id` DESC LIMIT 0,15 [ RunTime:0.000917s ]
[2026-08-17T21:49:06+08:00][sql] CONNECT:[ UseTime:0.002041s ] mysql:host=127.0.0.1;port=3306;dbname=auction;charset=utf8mb4
[2026-08-17T21:49:06+08:00][sql] SHOW FULL COLUMNS FROM `order` [ RunTime:0.001788s ]
[2026-08-17T21:49:06+08:00][sql] SELECT COUNT(*) AS think_count FROM `order` `o` LEFT JOIN `user` `u` ON `o`.`buyer_id`=`u`.`id` LEFT JOIN `user` `s` ON `o`.`seller_id`=`s`.`id` [ RunTime:0.002422s ]
[2026-08-17T21:49:06+08:00][sql] SELECT `o`.*,u.mobile as buyer_mobile,u.nickname as buyer_name,s.mobile as seller_mobile,s.nickname as seller_name FROM `order` `o` LEFT JOIN `user` `u` ON `o`.`buyer_id`=`u`.`id` LEFT JOIN `user` `s` ON `o`.`seller_id`=`s`.`id` ORDER BY `o`.`id` DESC LIMIT 0,15 [ RunTime:0.000850s ]
[2026-08-17T21:49:06+08:00][sql] CONNECT:[ UseTime:0.002025s ] mysql:host=127.0.0.1;port=3306;dbname=auction;charset=utf8mb4
[2026-08-17T21:49:06+08:00][sql] SHOW FULL COLUMNS FROM `bid_record` [ RunTime:0.003806s ]
[2026-08-17T21:49:06+08:00][sql] SELECT COUNT(*) AS think_count FROM `bid_record` `b` LEFT JOIN `goods` `g` ON `b`.`goods_id`=`g`.`id` LEFT JOIN `user` `u` ON `b`.`user_id`=`u`.`id` [ RunTime:0.004305s ]
[2026-08-17T21:49:06+08:00][sql] SELECT `b`.*,g.title as goods_title,`u`.`mobile`,`u`.`nickname` FROM `bid_record` `b` LEFT JOIN `goods` `g` ON `b`.`goods_id`=`g`.`id` LEFT JOIN `user` `u` ON `b`.`user_id`=`u`.`id` ORDER BY `b`.`id` DESC LIMIT 0,15 [ RunTime:0.001143s ]
[2026-08-17T21:49:06+08:00][sql] CONNECT:[ UseTime:0.015265s ] mysql:host=127.0.0.1;port=3306;dbname=auction;charset=utf8mb4
[2026-08-17T21:49:06+08:00][sql] SHOW FULL COLUMNS FROM `withdraw` [ RunTime:0.003549s ]
[2026-08-17T21:49:06+08:00][sql] SELECT COUNT(*) AS think_count FROM `withdraw` `w` LEFT JOIN `user` `u` ON `w`.`user_id`=`u`.`id` [ RunTime:0.002481s ]
[2026-08-17T21:49:06+08:00][sql] SELECT `w`.*,`u`.`mobile`,`u`.`nickname` FROM `withdraw` `w` LEFT JOIN `user` `u` ON `w`.`user_id`=`u`.`id` ORDER BY `w`.`id` DESC LIMIT 0,15 [ RunTime:0.000862s ]
[2026-08-17T21:49:06+08:00][sql] CONNECT:[ UseTime:0.022659s ] mysql:host=127.0.0.1;port=3306;dbname=auction;charset=utf8mb4
[2026-08-17T21:49:06+08:00][sql] SHOW FULL COLUMNS FROM `balance_log` [ RunTime:0.001934s ]
[2026-08-17T21:49:06+08:00][sql] SELECT COUNT(*) AS think_count FROM `balance_log` `l` LEFT JOIN `user` `u` ON `l`.`user_id`=`u`.`id` [ RunTime:0.000681s ]
[2026-08-17T21:49:06+08:00][sql] SELECT `l`.*,`u`.`mobile`,`u`.`nickname` FROM `balance_log` `l` LEFT JOIN `user` `u` ON `l`.`user_id`=`u`.`id` ORDER BY `l`.`id` DESC LIMIT 0,15 [ RunTime:0.000906s ]
[2026-08-17T21:49:06+08:00][sql] CONNECT:[ UseTime:0.015140s ] mysql:host=127.0.0.1;port=3306;dbname=auction;charset=utf8mb4
[2026-08-17T21:49:06+08:00][sql] SHOW FULL COLUMNS FROM `category` [ RunTime:0.001391s ]
[2026-08-17T21:49:06+08:00][sql] SELECT * FROM `category` ORDER BY `sort` ASC,`id` ASC [ RunTime:0.000758s ]
[2026-08-17T21:49:06+08:00][sql] SHOW FULL COLUMNS FROM `goods` [ RunTime:0.002820s ]
[2026-08-17T21:49:06+08:00][sql] SELECT COUNT(*),`category_id` FROM `goods` GROUP BY `category_id` [ RunTime:0.000765s ]
[2026-08-17T21:49:06+08:00][sql] CONNECT:[ UseTime:0.002021s ] mysql:host=127.0.0.1;port=3306;dbname=auction;charset=utf8mb4
[2026-08-17T21:49:06+08:00][sql] SHOW FULL COLUMNS FROM `admin_user` [ RunTime:0.003050s ]
[2026-08-17T21:49:06+08:00][sql] SELECT * FROM `admin_user` ORDER BY `id` ASC [ RunTime:0.000630s ]
[2026-08-17T21:49:06+08:00][sql] CONNECT:[ UseTime:0.023472s ] mysql:host=127.0.0.1;port=3306;dbname=auction;charset=utf8mb4
[2026-08-17T21:49:06+08:00][sql] SHOW FULL COLUMNS FROM `admin_log` [ RunTime:0.002916s ]
[2026-08-17T21:49:06+08:00][sql] SELECT COUNT(*) AS think_count FROM `admin_log` `l` LEFT JOIN `admin_user` `a` ON `l`.`admin_id`=`a`.`id` [ RunTime:0.002415s ]
[2026-08-17T21:49:06+08:00][sql] SELECT `l`.*,`a`.`username`,`a`.`real_name` FROM `admin_log` `l` LEFT JOIN `admin_user` `a` ON `l`.`admin_id`=`a`.`id` ORDER BY `l`.`id` DESC LIMIT 0,15 [ RunTime:0.000765s ]
[2026-08-17T21:49:42+08:00][sql] CONNECT:[ UseTime:0.021057s ] mysql:host=127.0.0.1;port=3306;dbname=auction;charset=utf8mb4
[2026-08-17T21:49:42+08:00][sql] SHOW FULL COLUMNS FROM `user` [ RunTime:0.001501s ]
[2026-08-17T21:49:42+08:00][sql] SELECT * FROM `user` WHERE  `id` = 2 LIMIT 1 [ RunTime:0.000776s ]
[2026-08-17T21:49:42+08:00][sql] CONNECT:[ UseTime:0.013685s ] mysql:host=127.0.0.1;port=3306;dbname=auction;charset=utf8mb4
[2026-08-17T21:49:42+08:00][sql] SHOW FULL COLUMNS FROM `withdraw` [ RunTime:0.002827s ]
[2026-08-17T21:49:42+08:00][sql] SELECT * FROM `withdraw` WHERE  `id` = 1 LIMIT 1 [ RunTime:0.000682s ]
[2026-08-17T21:49:42+08:00][sql] SHOW FULL COLUMNS FROM `user` [ RunTime:0.001119s ]
[2026-08-17T21:49:42+08:00][sql] SELECT * FROM `user` WHERE  `id` = 1 LIMIT 1 [ RunTime:0.000681s ]
[2026-08-17T21:49:42+08:00][sql] UPDATE `user`  SET `balance` = '300'  WHERE  `id` = 1 [ RunTime:0.000750s ]
[2026-08-17T21:49:42+08:00][sql] SHOW FULL COLUMNS FROM `balance_log` [ RunTime:0.002919s ]
[2026-08-17T21:49:42+08:00][sql] INSERT INTO `balance_log` SET `user_id` = 1 , `type` = 'withdraw' , `amount` = '-200' , `balance` = '300' , `remark` = '提现打款：200.00元' , `create_time` = 1786974582 [ RunTime:0.000685s ]
[2026-08-17T21:49:42+08:00][sql] UPDATE `withdraw`  SET `status` = 1 , `handle_time` = 1786974582  WHERE  `id` = 1 [ RunTime:0.000614s ]
[2026-08-17T21:49:42+08:00][sql] SHOW FULL COLUMNS FROM `admin_log` [ RunTime:0.002621s ]
[2026-08-17T21:49:42+08:00][sql] CONNECT:[ UseTime:0.012207s ] mysql:host=127.0.0.1;port=3306;dbname=auction;charset=utf8mb4
[2026-08-17T21:49:42+08:00][sql] SHOW FULL COLUMNS FROM `user` [ RunTime:0.001462s ]
[2026-08-17T21:49:42+08:00][sql] SELECT * FROM `user` WHERE  `id` = 1 LIMIT 1 [ RunTime:0.000772s ]
[2026-08-17T21:49:42+08:00][sql] UPDATE `user`  SET `balance` = '350'  WHERE  `id` = 1 [ RunTime:0.000736s ]
[2026-08-17T21:49:42+08:00][sql] SHOW FULL COLUMNS FROM `balance_log` [ RunTime:0.002748s ]
[2026-08-17T21:49:42+08:00][sql] INSERT INTO `balance_log` SET `user_id` = 1 , `type` = 'recharge' , `amount` = '50' , `balance` = '350' , `remark` = '测试调整' , `create_time` = 1786974582 [ RunTime:0.000750s ]
[2026-08-17T21:49:42+08:00][sql] SHOW FULL COLUMNS FROM `admin_log` [ RunTime:0.003010s ]
[2026-08-17T21:50:04+08:00][sql] CONNECT:[ UseTime:0.001401s ] mysql:host=127.0.0.1;port=3306;dbname=auction;charset=utf8mb4
[2026-08-17T21:50:04+08:00][sql] SHOW FULL COLUMNS FROM `goods` [ RunTime:0.001432s ]
[2026-08-17T21:50:04+08:00][sql] SELECT * FROM `goods` WHERE  `id` = 3 LIMIT 1 [ RunTime:0.000778s ]
[2026-08-17T21:50:04+08:00][sql] UPDATE `goods`  SET `status` = 1 , `refuse_reason` = ''  WHERE  `id` = 3 [ RunTime:0.004976s ]
[2026-08-17T21:50:04+08:00][sql] SHOW FULL COLUMNS FROM `admin_log` [ RunTime:0.003254s ]
[2026-08-17T21:50:04+08:00][sql] CONNECT:[ UseTime:0.001802s ] mysql:host=127.0.0.1;port=3306;dbname=auction;charset=utf8mb4
[2026-08-17T21:50:04+08:00][sql] SHOW FULL COLUMNS FROM `goods` [ RunTime:0.001526s ]
[2026-08-17T21:50:04+08:00][sql] SELECT * FROM `goods` WHERE  `id` = 1 LIMIT 1 [ RunTime:0.000652s ]
[2026-08-17T21:50:04+08:00][sql] UPDATE `goods`  SET `status` = 1  WHERE  `id` = 1 [ RunTime:0.001411s ]
[2026-08-17T21:50:04+08:00][sql] SHOW FULL COLUMNS FROM `admin_log` [ RunTime:0.002673s ]
[2026-08-17T21:50:15+08:00][sql] CONNECT:[ UseTime:0.001767s ] mysql:host=127.0.0.1;port=3306;dbname=auction;charset=utf8mb4
[2026-08-17T21:50:15+08:00][sql] SHOW FULL COLUMNS FROM `order` [ RunTime:0.004210s ]
[2026-08-17T21:50:15+08:00][sql] SELECT * FROM `order` WHERE  `id` = 1 LIMIT 1 [ RunTime:0.000855s ]
[2026-08-17T21:50:15+08:00][sql] CONNECT:[ UseTime:0.020786s ] mysql:host=127.0.0.1;port=3306;dbname=auction;charset=utf8mb4
[2026-08-17T21:50:15+08:00][sql] SHOW FULL COLUMNS FROM `order` [ RunTime:0.001755s ]
[2026-08-17T21:50:15+08:00][sql] SELECT * FROM `order` WHERE  `id` = 1 LIMIT 1 [ RunTime:0.000873s ]
[2026-08-17T21:50:15+08:00][sql] CONNECT:[ UseTime:0.016014s ] mysql:host=127.0.0.1;port=3306;dbname=auction;charset=utf8mb4
[2026-08-17T21:50:15+08:00][sql] SHOW FULL COLUMNS FROM `order` [ RunTime:0.003181s ]
[2026-08-17T21:50:15+08:00][sql] SELECT * FROM `order` WHERE  `id` = 1 LIMIT 1 [ RunTime:0.000780s ]
[2026-08-17T21:50:21+08:00][sql] CONNECT:[ UseTime:0.002203s ] mysql:host=127.0.0.1;port=3306;dbname=auction;charset=utf8mb4
[2026-08-17T21:50:21+08:00][sql] SHOW FULL COLUMNS FROM `category` [ RunTime:0.001553s ]
[2026-08-17T21:50:21+08:00][sql] INSERT INTO `category` SET `name` = '运动户外' , `icon` = '' , `sort` = 7 , `status` = 1 , `create_time` = 1786974621 [ RunTime:0.001707s ]
[2026-08-17T21:50:21+08:00][sql] SHOW FULL COLUMNS FROM `admin_log` [ RunTime:0.001263s ]
[2026-08-17T21:50:21+08:00][sql] CONNECT:[ UseTime:0.002079s ] mysql:host=127.0.0.1;port=3306;dbname=auction;charset=utf8mb4
[2026-08-17T21:50:21+08:00][sql] SHOW FULL COLUMNS FROM `category` [ RunTime:0.003183s ]
[2026-08-17T21:50:21+08:00][sql] SELECT * FROM `category` ORDER BY `sort` ASC,`id` ASC [ RunTime:0.000875s ]
[2026-08-17T21:50:21+08:00][sql] SHOW FULL COLUMNS FROM `goods` [ RunTime:0.001491s ]
[2026-08-17T21:50:21+08:00][sql] SELECT COUNT(*),`category_id` FROM `goods` GROUP BY `category_id` [ RunTime:0.000637s ]
[2026-08-17T21:50:42+08:00][sql] CONNECT:[ UseTime:0.020513s ] mysql:host=127.0.0.1;port=3306;dbname=auction;charset=utf8mb4
[2026-08-17T21:50:42+08:00][sql] SHOW FULL COLUMNS FROM `setting` [ RunTime:0.002435s ]
[2026-08-17T21:50:42+08:00][sql] SELECT * FROM `setting` WHERE  `name` = 'site_name' LIMIT 1 [ RunTime:0.000606s ]
[2026-08-17T21:50:42+08:00][sql] UPDATE `setting`  SET `value` = '竞拍商城V2' , `update_time` = 1786974642  WHERE  `name` = 'site_name' [ RunTime:0.004393s ]
[2026-08-17T21:50:42+08:00][sql] SELECT * FROM `setting` WHERE  `name` = 'site_logo' LIMIT 1 [ RunTime:0.000574s ]
[2026-08-17T21:50:42+08:00][sql] UPDATE `setting`  SET `value` = '' , `update_time` = 1786974642  WHERE  `name` = 'site_logo' [ RunTime:0.001274s ]
[2026-08-17T21:50:42+08:00][sql] SELECT * FROM `setting` WHERE  `name` = 'site_url' LIMIT 1 [ RunTime:0.000490s ]
[2026-08-17T21:50:42+08:00][sql] UPDATE `setting`  SET `value` = '' , `update_time` = 1786974642  WHERE  `name` = 'site_url' [ RunTime:0.001208s ]
[2026-08-17T21:50:42+08:00][sql] SELECT * FROM `setting` WHERE  `name` = 'commission_rate' LIMIT 1 [ RunTime:0.000540s ]
[2026-08-17T21:50:42+08:00][sql] UPDATE `setting`  SET `value` = '10' , `update_time` = 1786974642  WHERE  `name` = 'commission_rate' [ RunTime:0.001217s ]
[2026-08-17T21:50:42+08:00][sql] SELECT * FROM `setting` WHERE  `name` = 'seller_check' LIMIT 1 [ RunTime:0.000459s ]
[2026-08-17T21:50:42+08:00][sql] UPDATE `setting`  SET `value` = '1' , `update_time` = 1786974642  WHERE  `name` = 'seller_check' [ RunTime:0.001085s ]
[2026-08-17T21:50:42+08:00][sql] SELECT * FROM `setting` WHERE  `name` = 'invite_code' LIMIT 1 [ RunTime:0.000384s ]
[2026-08-17T21:50:42+08:00][sql] UPDATE `setting`  SET `value` = '' , `update_time` = 1786974642  WHERE  `name` = 'invite_code' [ RunTime:0.001334s ]
[2026-08-17T21:50:42+08:00][sql] SELECT * FROM `setting` WHERE  `name` = 'withdraw_fee' LIMIT 1 [ RunTime:0.000673s ]
[2026-08-17T21:50:42+08:00][sql] UPDATE `setting`  SET `value` = '1' , `update_time` = 1786974642  WHERE  `name` = 'withdraw_fee' [ RunTime:0.001415s ]
[2026-08-17T21:50:42+08:00][sql] SELECT * FROM `setting` WHERE  `name` = 'service_phone' LIMIT 1 [ RunTime:0.001892s ]
[2026-08-17T21:50:42+08:00][sql] UPDATE `setting`  SET `value` = '18888888888' , `update_time` = 1786974642  WHERE  `name` = 'service_phone' [ RunTime:0.001339s ]
[2026-08-17T21:50:42+08:00][sql] SELECT * FROM `setting` WHERE  `name` = 'service_qq' LIMIT 1 [ RunTime:0.000529s ]
[2026-08-17T21:50:42+08:00][sql] UPDATE `setting`  SET `value` = '' , `update_time` = 1786974642  WHERE  `name` = 'service_qq' [ RunTime:0.001289s ]
[2026-08-17T21:50:42+08:00][sql] SELECT * FROM `setting` WHERE  `name` = 'auction_delay' LIMIT 1 [ RunTime:0.000484s ]
[2026-08-17T21:50:42+08:00][sql] UPDATE `setting`  SET `value` = '0' , `update_time` = 1786974642  WHERE  `name` = 'auction_delay' [ RunTime:0.001270s ]
[2026-08-17T21:50:42+08:00][sql] SELECT * FROM `setting` WHERE  `name` = 'user_protocol' LIMIT 1 [ RunTime:0.000455s ]
[2026-08-17T21:50:42+08:00][sql] UPDATE `setting`  SET `value` = '' , `update_time` = 1786974642  WHERE  `name` = 'user_protocol' [ RunTime:0.001198s ]
[2026-08-17T21:50:42+08:00][sql] SHOW FULL COLUMNS FROM `admin_log` [ RunTime:0.001985s ]
[2026-08-17T21:50:43+08:00][sql] CONNECT:[ UseTime:0.020644s ] mysql:host=127.0.0.1;port=3306;dbname=auction;charset=utf8mb4
[2026-08-17T21:50:43+08:00][sql] SHOW FULL COLUMNS FROM `user` [ RunTime:0.001181s ]
[2026-08-17T21:50:43+08:00][sql] SELECT COUNT(*) AS think_count FROM `user` [ RunTime:0.000492s ]
[2026-08-17T21:50:43+08:00][sql] SELECT COUNT(*) AS think_count FROM `user` WHERE  `is_seller` = 1 [ RunTime:0.000489s ]
[2026-08-17T21:50:43+08:00][sql] SHOW FULL COLUMNS FROM `goods` [ RunTime:0.002096s ]
[2026-08-17T21:50:43+08:00][sql] SELECT COUNT(*) AS think_count FROM `goods` [ RunTime:0.000460s ]
[2026-08-17T21:50:43+08:00][sql] SELECT COUNT(*) AS think_count FROM `goods` WHERE  `status` = 1  AND `end_time` > 1786974643 [ RunTime:0.000469s ]
[2026-08-17T21:50:43+08:00][sql] SHOW FULL COLUMNS FROM `order` [ RunTime:0.001975s ]
[2026-08-17T21:50:43+08:00][sql] SELECT COUNT(*) AS think_count FROM `order` [ RunTime:0.000350s ]
[2026-08-17T21:50:43+08:00][sql] SELECT COUNT(*) AS think_count FROM `order` WHERE  `pay_status` = 0  AND `order_status` = 0 [ RunTime:0.000352s ]
[2026-08-17T21:50:43+08:00][sql] SELECT COUNT(*) AS think_count FROM `goods` WHERE  `status` = 0 [ RunTime:0.000319s ]
[2026-08-17T21:50:43+08:00][sql] SELECT COUNT(*) AS think_count FROM `user` WHERE  `seller_check` = 0 [ RunTime:0.000295s ]
[2026-08-17T21:50:43+08:00][sql] SHOW FULL COLUMNS FROM `withdraw` [ RunTime:0.000646s ]
[2026-08-17T21:50:43+08:00][sql] SELECT COUNT(*) AS think_count FROM `withdraw` WHERE  `status` = 0 [ RunTime:0.000311s ]
[2026-08-17T21:50:43+08:00][sql] SELECT SUM(`price`) AS think_sum FROM `order` WHERE  `pay_status` = 1 [ RunTime:0.000312s ]
[2026-08-17T21:50:43+08:00][sql] SELECT SUM(`commission`) AS think_sum FROM `order` WHERE  `pay_status` = 1 [ RunTime:0.000278s ]
[2026-08-17T21:50:43+08:00][sql] SELECT SUM(`price`) AS think_sum FROM `order` WHERE  `pay_status` = 1  AND `pay_time` > 1786896000 [ RunTime:0.000288s ]
[2026-08-17T21:50:43+08:00][sql] SELECT * FROM `order` ORDER BY `id` DESC LIMIT 8 [ RunTime:0.000317s ]
[2026-08-17T21:50:43+08:00][sql] SHOW FULL COLUMNS FROM `bid_record` [ RunTime:0.002018s ]
[2026-08-17T21:50:43+08:00][sql] SELECT `b`.*,g.title as goods_title,`u`.`nickname`,`u`.`mobile` FROM `bid_record` `b` LEFT JOIN `goods` `g` ON `b`.`goods_id`=`g`.`id` LEFT JOIN `user` `u` ON `b`.`user_id`=`u`.`id` ORDER BY `b`.`id` DESC LIMIT 8 [ RunTime:0.000730s ]
[2026-08-17T21:50:43+08:00][sql] SELECT SUM(`price`) AS think_sum FROM `order` WHERE  `pay_time` >= 1786377600  AND `pay_time` < 1786464000 [ RunTime:0.000429s ]
[2026-08-17T21:50:43+08:00][sql] SELECT COUNT(*) AS think_count FROM `order` WHERE  `pay_time` >= 1786377600  AND `pay_time` < 1786464000 [ RunTime:0.000381s ]
[2026-08-17T21:50:43+08:00][sql] SELECT SUM(`price`) AS think_sum FROM `order` WHERE  `pay_time` >= 1786464000  AND `pay_time` < 1786550400 [ RunTime:0.000347s ]
[2026-08-17T21:50:43+08:00][sql] SELECT COUNT(*) AS think_count FROM `order` WHERE  `pay_time` >= 1786464000  AND `pay_time` < 1786550400 [ RunTime:0.000321s ]
[2026-08-17T21:50:43+08:00][sql] SELECT SUM(`price`) AS think_sum FROM `order` WHERE  `pay_time` >= 1786550400  AND `pay_time` < 1786636800 [ RunTime:0.000327s ]
[2026-08-17T21:50:43+08:00][sql] SELECT COUNT(*) AS think_count FROM `order` WHERE  `pay_time` >= 1786550400  AND `pay_time` < 1786636800 [ RunTime:0.000306s ]
[2026-08-17T21:50:43+08:00][sql] SELECT SUM(`price`) AS think_sum FROM `order` WHERE  `pay_time` >= 1786636800  AND `pay_time` < 1786723200 [ RunTime:0.000321s ]
[2026-08-17T21:50:43+08:00][sql] SELECT COUNT(*) AS think_count FROM `order` WHERE  `pay_time` >= 1786636800  AND `pay_time` < 1786723200 [ RunTime:0.000316s ]
[2026-08-17T21:50:43+08:00][sql] SELECT SUM(`price`) AS think_sum FROM `order` WHERE  `pay_time` >= 1786723200  AND `pay_time` < 1786809600 [ RunTime:0.000320s ]
[2026-08-17T21:50:43+08:00][sql] SELECT COUNT(*) AS think_count FROM `order` WHERE  `pay_time` >= 1786723200  AND `pay_time` < 1786809600 [ RunTime:0.000314s ]
[2026-08-17T21:50:43+08:00][sql] SELECT SUM(`price`) AS think_sum FROM `order` WHERE  `pay_time` >= 1786809600  AND `pay_time` < 1786896000 [ RunTime:0.000313s ]
[2026-08-17T21:50:43+08:00][sql] SELECT COUNT(*) AS think_count FROM `order` WHERE  `pay_time` >= 1786809600  AND `pay_time` < 1786896000 [ RunTime:0.000316s ]
[2026-08-17T21:50:43+08:00][sql] SELECT SUM(`price`) AS think_sum FROM `order` WHERE  `pay_time` >= 1786896000  AND `pay_time` < 1786982400 [ RunTime:0.000323s ]
[2026-08-17T21:50:43+08:00][sql] SELECT COUNT(*) AS think_count FROM `order` WHERE  `pay_time` >= 1786896000  AND `pay_time` < 1786982400 [ RunTime:0.000325s ]
[2026-08-17T21:50:48+08:00][sql] CONNECT:[ UseTime:0.001750s ] mysql:host=127.0.0.1;port=3306;dbname=auction;charset=utf8mb4
[2026-08-17T21:50:48+08:00][sql] SHOW FULL COLUMNS FROM `user` [ RunTime:0.001394s ]
[2026-08-17T21:50:48+08:00][sql] SELECT COUNT(*) AS think_count FROM `user` [ RunTime:0.000635s ]
[2026-08-17T21:50:48+08:00][sql] SELECT COUNT(*) AS think_count FROM `user` WHERE  `is_seller` = 1 [ RunTime:0.000688s ]
[2026-08-17T21:50:48+08:00][sql] SHOW FULL COLUMNS FROM `goods` [ RunTime:0.001278s ]
[2026-08-17T21:50:48+08:00][sql] SELECT COUNT(*) AS think_count FROM `goods` [ RunTime:0.000569s ]
[2026-08-17T21:50:48+08:00][sql] SELECT COUNT(*) AS think_count FROM `goods` WHERE  `status` = 1  AND `end_time` > 1786974648 [ RunTime:0.000601s ]
[2026-08-17T21:50:48+08:00][sql] SHOW FULL COLUMNS FROM `order` [ RunTime:0.001369s ]
[2026-08-17T21:50:48+08:00][sql] SELECT COUNT(*) AS think_count FROM `order` [ RunTime:0.000596s ]
[2026-08-17T21:50:48+08:00][sql] SELECT COUNT(*) AS think_count FROM `order` WHERE  `pay_status` = 0  AND `order_status` = 0 [ RunTime:0.000557s ]
[2026-08-17T21:50:48+08:00][sql] SELECT COUNT(*) AS think_count FROM `goods` WHERE  `status` = 0 [ RunTime:0.000555s ]
[2026-08-17T21:50:48+08:00][sql] SELECT COUNT(*) AS think_count FROM `user` WHERE  `seller_check` = 0 [ RunTime:0.000459s ]
[2026-08-17T21:50:48+08:00][sql] SHOW FULL COLUMNS FROM `withdraw` [ RunTime:0.001093s ]
[2026-08-17T21:50:48+08:00][sql] SELECT COUNT(*) AS think_count FROM `withdraw` WHERE  `status` = 0 [ RunTime:0.000626s ]
[2026-08-17T21:50:48+08:00][sql] SELECT SUM(`price`) AS think_sum FROM `order` WHERE  `pay_status` = 1 [ RunTime:0.000430s ]
[2026-08-17T21:50:48+08:00][sql] SELECT SUM(`commission`) AS think_sum FROM `order` WHERE  `pay_status` = 1 [ RunTime:0.000333s ]
[2026-08-17T21:50:48+08:00][sql] SELECT SUM(`price`) AS think_sum FROM `order` WHERE  `pay_status` = 1  AND `pay_time` > 1786896000 [ RunTime:0.000313s ]
[2026-08-17T21:50:48+08:00][sql] SELECT * FROM `order` ORDER BY `id` DESC LIMIT 8 [ RunTime:0.000473s ]
[2026-08-17T21:50:48+08:00][sql] SHOW FULL COLUMNS FROM `bid_record` [ RunTime:0.000993s ]
[2026-08-17T21:50:48+08:00][sql] SELECT `b`.*,g.title as goods_title,`u`.`nickname`,`u`.`mobile` FROM `bid_record` `b` LEFT JOIN `goods` `g` ON `b`.`goods_id`=`g`.`id` LEFT JOIN `user` `u` ON `b`.`user_id`=`u`.`id` ORDER BY `b`.`id` DESC LIMIT 8 [ RunTime:0.000751s ]
[2026-08-17T21:50:48+08:00][sql] SELECT SUM(`price`) AS think_sum FROM `order` WHERE  `pay_time` >= 1786377600  AND `pay_time` < 1786464000 [ RunTime:0.000463s ]
[2026-08-17T21:50:48+08:00][sql] SELECT COUNT(*) AS think_count FROM `order` WHERE  `pay_time` >= 1786377600  AND `pay_time` < 1786464000 [ RunTime:0.000435s ]
[2026-08-17T21:50:48+08:00][sql] SELECT SUM(`price`) AS think_sum FROM `order` WHERE  `pay_time` >= 1786464000  AND `pay_time` < 1786550400 [ RunTime:0.000432s ]
[2026-08-17T21:50:48+08:00][sql] SELECT COUNT(*) AS think_count FROM `order` WHERE  `pay_time` >= 1786464000  AND `pay_time` < 1786550400 [ RunTime:0.000557s ]
[2026-08-17T21:50:48+08:00][sql] SELECT SUM(`price`) AS think_sum FROM `order` WHERE  `pay_time` >= 1786550400  AND `pay_time` < 1786636800 [ RunTime:0.000535s ]
[2026-08-17T21:50:48+08:00][sql] SELECT COUNT(*) AS think_count FROM `order` WHERE  `pay_time` >= 1786550400  AND `pay_time` < 1786636800 [ RunTime:0.000512s ]
[2026-08-17T21:50:48+08:00][sql] SELECT SUM(`price`) AS think_sum FROM `order` WHERE  `pay_time` >= 1786636800  AND `pay_time` < 1786723200 [ RunTime:0.000469s ]
[2026-08-17T21:50:48+08:00][sql] SELECT COUNT(*) AS think_count FROM `order` WHERE  `pay_time` >= 1786636800  AND `pay_time` < 1786723200 [ RunTime:0.000463s ]
[2026-08-17T21:50:48+08:00][sql] SELECT SUM(`price`) AS think_sum FROM `order` WHERE  `pay_time` >= 1786723200  AND `pay_time` < 1786809600 [ RunTime:0.000475s ]
[2026-08-17T21:50:48+08:00][sql] SELECT COUNT(*) AS think_count FROM `order` WHERE  `pay_time` >= 1786723200  AND `pay_time` < 1786809600 [ RunTime:0.000475s ]
[2026-08-17T21:50:48+08:00][sql] SELECT SUM(`price`) AS think_sum FROM `order` WHERE  `pay_time` >= 1786809600  AND `pay_time` < 1786896000 [ RunTime:0.000507s ]
[2026-08-17T21:50:48+08:00][sql] SELECT COUNT(*) AS think_count FROM `order` WHERE  `pay_time` >= 1786809600  AND `pay_time` < 1786896000 [ RunTime:0.000472s ]
[2026-08-17T21:50:48+08:00][sql] SELECT SUM(`price`) AS think_sum FROM `order` WHERE  `pay_time` >= 1786896000  AND `pay_time` < 1786982400 [ RunTime:0.004175s ]
[2026-08-17T21:50:48+08:00][sql] SELECT COUNT(*) AS think_count FROM `order` WHERE  `pay_time` >= 1786896000  AND `pay_time` < 1786982400 [ RunTime:0.000635s ]
[2026-08-17T21:50:48+08:00][error] [2]Undefined variable $menus[D:\work\08\17_3\runtime\admin\temp\a85235cbe4ccf000ca8ec7a66684be49.php:152]
[2026-08-17T21:50:48+08:00][error] [2]Undefined variable $menus[D:\work\08\17_3\runtime\admin\temp\48efe24bcee0338d1fab83fb086ad46b.php:152]
[2026-08-17T21:50:55+08:00][sql] CONNECT:[ UseTime:0.013088s ] mysql:host=127.0.0.1;port=3306;dbname=auction;charset=utf8mb4
[2026-08-17T21:50:55+08:00][sql] SHOW FULL COLUMNS FROM `user` [ RunTime:0.002885s ]
[2026-08-17T21:50:55+08:00][sql] SELECT COUNT(*) AS think_count FROM `user` [ RunTime:0.000682s ]
[2026-08-17T21:50:55+08:00][sql] SELECT COUNT(*) AS think_count FROM `user` WHERE  `is_seller` = 1 [ RunTime:0.000722s ]
[2026-08-17T21:50:55+08:00][sql] SHOW FULL COLUMNS FROM `goods` [ RunTime:0.001564s ]
[2026-08-17T21:50:55+08:00][sql] SELECT COUNT(*) AS think_count FROM `goods` [ RunTime:0.000581s ]
[2026-08-17T21:50:55+08:00][sql] SELECT COUNT(*) AS think_count FROM `goods` WHERE  `status` = 1  AND `end_time` > 1786974654 [ RunTime:0.000736s ]
[2026-08-17T21:50:55+08:00][sql] SHOW FULL COLUMNS FROM `order` [ RunTime:0.002214s ]
[2026-08-17T21:50:55+08:00][sql] SELECT COUNT(*) AS think_count FROM `order` [ RunTime:0.000586s ]
[2026-08-17T21:50:55+08:00][sql] SELECT COUNT(*) AS think_count FROM `order` WHERE  `pay_status` = 0  AND `order_status` = 0 [ RunTime:0.000601s ]
[2026-08-17T21:50:55+08:00][sql] SELECT COUNT(*) AS think_count FROM `goods` WHERE  `status` = 0 [ RunTime:0.000599s ]
[2026-08-17T21:50:55+08:00][sql] SELECT COUNT(*) AS think_count FROM `user` WHERE  `seller_check` = 0 [ RunTime:0.000548s ]
[2026-08-17T21:50:55+08:00][sql] SHOW FULL COLUMNS FROM `withdraw` [ RunTime:0.002740s ]
[2026-08-17T21:50:55+08:00][sql] SELECT COUNT(*) AS think_count FROM `withdraw` WHERE  `status` = 0 [ RunTime:0.000603s ]
[2026-08-17T21:50:55+08:00][sql] SELECT SUM(`price`) AS think_sum FROM `order` WHERE  `pay_status` = 1 [ RunTime:0.000692s ]
[2026-08-17T21:50:55+08:00][sql] SELECT SUM(`commission`) AS think_sum FROM `order` WHERE  `pay_status` = 1 [ RunTime:0.000600s ]
[2026-08-17T21:50:55+08:00][sql] SELECT SUM(`price`) AS think_sum FROM `order` WHERE  `pay_status` = 1  AND `pay_time` > 1786896000 [ RunTime:0.000468s ]
[2026-08-17T21:50:55+08:00][sql] SELECT * FROM `order` ORDER BY `id` DESC LIMIT 8 [ RunTime:0.000460s ]
[2026-08-17T21:50:55+08:00][sql] SHOW FULL COLUMNS FROM `bid_record` [ RunTime:0.002706s ]
[2026-08-17T21:50:55+08:00][sql] SELECT `b`.*,g.title as goods_title,`u`.`nickname`,`u`.`mobile` FROM `bid_record` `b` LEFT JOIN `goods` `g` ON `b`.`goods_id`=`g`.`id` LEFT JOIN `user` `u` ON `b`.`user_id`=`u`.`id` ORDER BY `b`.`id` DESC LIMIT 8 [ RunTime:0.000864s ]
[2026-08-17T21:50:55+08:00][sql] SELECT SUM(`price`) AS think_sum FROM `order` WHERE  `pay_time` >= 1786377600  AND `pay_time` < 1786464000 [ RunTime:0.000551s ]
[2026-08-17T21:50:55+08:00][sql] SELECT COUNT(*) AS think_count FROM `order` WHERE  `pay_time` >= 1786377600  AND `pay_time` < 1786464000 [ RunTime:0.000516s ]
[2026-08-17T21:50:55+08:00][sql] SELECT SUM(`price`) AS think_sum FROM `order` WHERE  `pay_time` >= 1786464000  AND `pay_time` < 1786550400 [ RunTime:0.000492s ]
[2026-08-17T21:50:55+08:00][sql] SELECT COUNT(*) AS think_count FROM `order` WHERE  `pay_time` >= 1786464000  AND `pay_time` < 1786550400 [ RunTime:0.000527s ]
[2026-08-17T21:50:55+08:00][sql] SELECT SUM(`price`) AS think_sum FROM `order` WHERE  `pay_time` >= 1786550400  AND `pay_time` < 1786636800 [ RunTime:0.000415s ]
[2026-08-17T21:50:55+08:00][sql] SELECT COUNT(*) AS think_count FROM `order` WHERE  `pay_time` >= 1786550400  AND `pay_time` < 1786636800 [ RunTime:0.000371s ]
[2026-08-17T21:50:55+08:00][sql] SELECT SUM(`price`) AS think_sum FROM `order` WHERE  `pay_time` >= 1786636800  AND `pay_time` < 1786723200 [ RunTime:0.000372s ]
[2026-08-17T21:50:55+08:00][sql] SELECT COUNT(*) AS think_count FROM `order` WHERE  `pay_time` >= 1786636800  AND `pay_time` < 1786723200 [ RunTime:0.000356s ]
[2026-08-17T21:50:55+08:00][sql] SELECT SUM(`price`) AS think_sum FROM `order` WHERE  `pay_time` >= 1786723200  AND `pay_time` < 1786809600 [ RunTime:0.000319s ]
[2026-08-17T21:50:55+08:00][sql] SELECT COUNT(*) AS think_count FROM `order` WHERE  `pay_time` >= 1786723200  AND `pay_time` < 1786809600 [ RunTime:0.000418s ]
[2026-08-17T21:50:55+08:00][sql] SELECT SUM(`price`) AS think_sum FROM `order` WHERE  `pay_time` >= 1786809600  AND `pay_time` < 1786896000 [ RunTime:0.000492s ]
[2026-08-17T21:50:55+08:00][sql] SELECT COUNT(*) AS think_count FROM `order` WHERE  `pay_time` >= 1786809600  AND `pay_time` < 1786896000 [ RunTime:0.000449s ]
[2026-08-17T21:50:55+08:00][sql] SELECT SUM(`price`) AS think_sum FROM `order` WHERE  `pay_time` >= 1786896000  AND `pay_time` < 1786982400 [ RunTime:0.000436s ]
[2026-08-17T21:50:55+08:00][sql] SELECT COUNT(*) AS think_count FROM `order` WHERE  `pay_time` >= 1786896000  AND `pay_time` < 1786982400 [ RunTime:0.000440s ]
[2026-08-17T21:50:55+08:00][error] [2]Undefined variable $menus[D:\work\08\17_3\runtime\admin\temp\a85235cbe4ccf000ca8ec7a66684be49.php:152]
[2026-08-17T21:55:59+08:00][sql] CONNECT:[ UseTime:0.015231s ] mysql:host=127.0.0.1;port=3306;dbname=auction;charset=utf8mb4
[2026-08-17T21:55:59+08:00][sql] SHOW FULL COLUMNS FROM `admin_user` [ RunTime:0.001810s ]
[2026-08-17T21:55:59+08:00][sql] SELECT * FROM `admin_user` WHERE  `username` = 'admin' LIMIT 1 [ RunTime:0.000771s ]
[2026-08-17T21:55:59+08:00][sql] UPDATE `admin_user`  SET `last_login_ip` = '127.0.0.1' , `last_login_time` = 1786974959  WHERE  `id` = 1 [ RunTime:0.002018s ]
[2026-08-17T21:55:59+08:00][sql] SHOW FULL COLUMNS FROM `admin_log` [ RunTime:0.003439s ]
[2026-08-17T21:55:59+08:00][sql] INSERT INTO `admin_log` SET `admin_id` = 1 , `action` = '登录后台' , `ip` = '127.0.0.1' , `create_time` = 1786974959 [ RunTime:0.001575s ]
[2026-08-17T21:56:00+08:00][sql] CONNECT:[ UseTime:0.015216s ] mysql:host=127.0.0.1;port=3306;dbname=auction;charset=utf8mb4
[2026-08-17T21:56:00+08:00][sql] SHOW FULL COLUMNS FROM `user` [ RunTime:0.003837s ]
[2026-08-17T21:56:00+08:00][sql] SELECT COUNT(*) AS think_count FROM `user` [ RunTime:0.000877s ]
[2026-08-17T21:56:00+08:00][sql] SELECT COUNT(*) AS think_count FROM `user` WHERE  `is_seller` = 1 [ RunTime:0.000920s ]
[2026-08-17T21:56:00+08:00][sql] SHOW FULL COLUMNS FROM `goods` [ RunTime:0.001736s ]
[2026-08-17T21:56:00+08:00][sql] SELECT COUNT(*) AS think_count FROM `goods` [ RunTime:0.000618s ]
[2026-08-17T21:56:00+08:00][sql] SELECT COUNT(*) AS think_count FROM `goods` WHERE  `status` = 1  AND `end_time` > 1786974960 [ RunTime:0.001039s ]
[2026-08-17T21:56:00+08:00][sql] SHOW FULL COLUMNS FROM `order` [ RunTime:0.003695s ]
[2026-08-17T21:56:00+08:00][sql] SELECT COUNT(*) AS think_count FROM `order` [ RunTime:0.000569s ]
[2026-08-17T21:56:00+08:00][sql] SELECT COUNT(*) AS think_count FROM `order` WHERE  `pay_status` = 0  AND `order_status` = 0 [ RunTime:0.000541s ]
[2026-08-17T21:56:00+08:00][sql] SELECT COUNT(*) AS think_count FROM `goods` WHERE  `status` = 0 [ RunTime:0.000611s ]
[2026-08-17T21:56:00+08:00][sql] SELECT COUNT(*) AS think_count FROM `user` WHERE  `seller_check` = 0 [ RunTime:0.000481s ]
[2026-08-17T21:56:00+08:00][sql] SHOW FULL COLUMNS FROM `withdraw` [ RunTime:0.002311s ]
[2026-08-17T21:56:00+08:00][sql] SELECT COUNT(*) AS think_count FROM `withdraw` WHERE  `status` = 0 [ RunTime:0.000630s ]
[2026-08-17T21:56:00+08:00][sql] SELECT SUM(`price`) AS think_sum FROM `order` WHERE  `pay_status` = 1 [ RunTime:0.000403s ]
[2026-08-17T21:56:00+08:00][sql] SELECT SUM(`commission`) AS think_sum FROM `order` WHERE  `pay_status` = 1 [ RunTime:0.000359s ]
[2026-08-17T21:56:00+08:00][sql] SELECT SUM(`price`) AS think_sum FROM `order` WHERE  `pay_status` = 1  AND `pay_time` > 1786896000 [ RunTime:0.000509s ]
[2026-08-17T21:56:00+08:00][sql] SELECT * FROM `order` ORDER BY `id` DESC LIMIT 8 [ RunTime:0.000538s ]
[2026-08-17T21:56:00+08:00][sql] SHOW FULL COLUMNS FROM `bid_record` [ RunTime:0.003707s ]
[2026-08-17T21:56:00+08:00][sql] SELECT `b`.*,g.title as goods_title,`u`.`nickname`,`u`.`mobile` FROM `bid_record` `b` LEFT JOIN `goods` `g` ON `b`.`goods_id`=`g`.`id` LEFT JOIN `user` `u` ON `b`.`user_id`=`u`.`id` ORDER BY `b`.`id` DESC LIMIT 8 [ RunTime:0.001046s ]
[2026-08-17T21:56:00+08:00][sql] SELECT SUM(`price`) AS think_sum FROM `order` WHERE  `pay_time` >= 1786377600  AND `pay_time` < 1786464000 [ RunTime:0.000623s ]
[2026-08-17T21:56:00+08:00][sql] SELECT COUNT(*) AS think_count FROM `order` WHERE  `pay_time` >= 1786377600  AND `pay_time` < 1786464000 [ RunTime:0.000490s ]
[2026-08-17T21:56:00+08:00][sql] SELECT SUM(`price`) AS think_sum FROM `order` WHERE  `pay_time` >= 1786464000  AND `pay_time` < 1786550400 [ RunTime:0.000493s ]
[2026-08-17T21:56:00+08:00][sql] SELECT COUNT(*) AS think_count FROM `order` WHERE  `pay_time` >= 1786464000  AND `pay_time` < 1786550400 [ RunTime:0.000519s ]
[2026-08-17T21:56:00+08:00][sql] SELECT SUM(`price`) AS think_sum FROM `order` WHERE  `pay_time` >= 1786550400  AND `pay_time` < 1786636800 [ RunTime:0.000546s ]
[2026-08-17T21:56:00+08:00][sql] SELECT COUNT(*) AS think_count FROM `order` WHERE  `pay_time` >= 1786550400  AND `pay_time` < 1786636800 [ RunTime:0.000505s ]
[2026-08-17T21:56:00+08:00][sql] SELECT SUM(`price`) AS think_sum FROM `order` WHERE  `pay_time` >= 1786636800  AND `pay_time` < 1786723200 [ RunTime:0.000506s ]
[2026-08-17T21:56:00+08:00][sql] SELECT COUNT(*) AS think_count FROM `order` WHERE  `pay_time` >= 1786636800  AND `pay_time` < 1786723200 [ RunTime:0.000393s ]
[2026-08-17T21:56:00+08:00][sql] SELECT SUM(`price`) AS think_sum FROM `order` WHERE  `pay_time` >= 1786723200  AND `pay_time` < 1786809600 [ RunTime:0.000498s ]
[2026-08-17T21:56:00+08:00][sql] SELECT COUNT(*) AS think_count FROM `order` WHERE  `pay_time` >= 1786723200  AND `pay_time` < 1786809600 [ RunTime:0.000476s ]
[2026-08-17T21:56:00+08:00][sql] SELECT SUM(`price`) AS think_sum FROM `order` WHERE  `pay_time` >= 1786809600  AND `pay_time` < 1786896000 [ RunTime:0.000582s ]
[2026-08-17T21:56:00+08:00][sql] SELECT COUNT(*) AS think_count FROM `order` WHERE  `pay_time` >= 1786809600  AND `pay_time` < 1786896000 [ RunTime:0.000387s ]
[2026-08-17T21:56:00+08:00][sql] SELECT SUM(`price`) AS think_sum FROM `order` WHERE  `pay_time` >= 1786896000  AND `pay_time` < 1786982400 [ RunTime:0.000497s ]
[2026-08-17T21:56:00+08:00][sql] SELECT COUNT(*) AS think_count FROM `order` WHERE  `pay_time` >= 1786896000  AND `pay_time` < 1786982400 [ RunTime:0.000388s ]
[2026-08-17T21:56:00+08:00][sql] CONNECT:[ UseTime:0.025369s ] mysql:host=127.0.0.1;port=3306;dbname=auction;charset=utf8mb4
[2026-08-17T21:56:00+08:00][sql] SHOW FULL COLUMNS FROM `category` [ RunTime:0.001143s ]
[2026-08-17T21:56:00+08:00][sql] SELECT * FROM `category` WHERE  `status` = 1 ORDER BY `sort` ASC [ RunTime:0.000629s ]
[2026-08-17T21:56:00+08:00][sql] CONNECT:[ UseTime:0.018409s ] mysql:host=127.0.0.1;port=3306;dbname=auction;charset=utf8mb4
[2026-08-17T21:56:00+08:00][sql] SHOW FULL COLUMNS FROM `setting` [ RunTime:0.003417s ]
[2026-08-17T21:56:00+08:00][sql] SELECT `value`,`name` FROM `setting` [ RunTime:0.000578s ]
[2026-08-17T21:56:00+08:00][sql] CONNECT:[ UseTime:0.018368s ] mysql:host=127.0.0.1;port=3306;dbname=auction;charset=utf8mb4
[2026-08-17T21:56:00+08:00][sql] SHOW FULL COLUMNS FROM `category` [ RunTime:0.004326s ]
[2026-08-17T21:56:00+08:00][sql] SELECT * FROM `category` ORDER BY `sort` ASC,`id` ASC [ RunTime:0.000990s ]
[2026-08-17T21:56:00+08:00][sql] SHOW FULL COLUMNS FROM `goods` [ RunTime:0.003969s ]
[2026-08-17T21:56:00+08:00][sql] SELECT COUNT(*),`category_id` FROM `goods` GROUP BY `category_id` [ RunTime:0.000654s ]
[2026-08-17T21:56:07+08:00][sql] CONNECT:[ UseTime:0.018488s ] mysql:host=127.0.0.1;port=3306;dbname=auction;charset=utf8mb4
[2026-08-17T21:56:07+08:00][sql] SHOW FULL COLUMNS FROM `goods` [ RunTime:0.001756s ]
[2026-08-17T21:56:07+08:00][sql] SELECT `g`.*,u.mobile as seller_mobile,u.nickname as seller_name,c.name as category_name FROM `goods` `g` LEFT JOIN `user` `u` ON `g`.`seller_id`=`u`.`id` LEFT JOIN `category` `c` ON `g`.`category_id`=`c`.`id` WHERE  `g`.`id` = '1' LIMIT 1 [ RunTime:0.001281s ]
[2026-08-17T21:56:07+08:00][sql] SHOW FULL COLUMNS FROM `bid_record` [ RunTime:0.003873s ]
[2026-08-17T21:56:07+08:00][sql] SELECT `b`.*,`u`.`mobile`,`u`.`nickname` FROM `bid_record` `b` LEFT JOIN `user` `u` ON `b`.`user_id`=`u`.`id` WHERE  `b`.`goods_id` = '1' ORDER BY `b`.`price` DESC [ RunTime:0.001393s ]
[2026-08-17T21:56:07+08:00][sql] SHOW FULL COLUMNS FROM `order` [ RunTime:0.003971s ]
[2026-08-17T21:56:07+08:00][sql] SELECT * FROM `order` WHERE  `goods_id` = 1 LIMIT 1 [ RunTime:0.001012s ]
[2026-08-17T21:56:07+08:00][sql] CONNECT:[ UseTime:0.014362s ] mysql:host=127.0.0.1;port=3306;dbname=auction;charset=utf8mb4
[2026-08-17T21:56:07+08:00][sql] SHOW FULL COLUMNS FROM `order` [ RunTime:0.004048s ]
[2026-08-17T21:56:07+08:00][sql] SELECT `o`.*,u.mobile as buyer_mobile,u.nickname as buyer_name,s.mobile as seller_mobile,s.nickname as seller_name FROM `order` `o` LEFT JOIN `user` `u` ON `o`.`buyer_id`=`u`.`id` LEFT JOIN `user` `s` ON `o`.`seller_id`=`s`.`id` WHERE  `o`.`id` = '1' LIMIT 1 [ RunTime:0.002367s ]
[2026-08-17T21:56:07+08:00][sql] CONNECT:[ UseTime:0.023052s ] mysql:host=127.0.0.1;port=3306;dbname=auction;charset=utf8mb4
[2026-08-17T21:56:07+08:00][sql] SHOW FULL COLUMNS FROM `user` [ RunTime:0.002372s ]
[2026-08-17T21:56:07+08:00][sql] SELECT * FROM `user` WHERE  `id` = 1 LIMIT 1 [ RunTime:0.001182s ]
[2026-08-17T21:56:07+08:00][sql] SHOW FULL COLUMNS FROM `goods` [ RunTime:0.003342s ]
[2026-08-17T21:56:07+08:00][sql] SELECT COUNT(*) AS think_count FROM `goods` WHERE  `seller_id` = 1  AND `status` = 2 [ RunTime:0.001864s ]
[2026-08-17T21:56:07+08:00][sql] SHOW FULL COLUMNS FROM `order` [ RunTime:0.001813s ]
[2026-08-17T21:56:07+08:00][sql] SELECT COUNT(*) AS think_count FROM `order` WHERE  `buyer_id` = 1  AND `pay_status` = 1 [ RunTime:0.001007s ]
[2026-08-17T21:56:07+08:00][sql] SHOW FULL COLUMNS FROM `bid_record` [ RunTime:0.003595s ]
[2026-08-17T21:56:07+08:00][sql] SELECT COUNT(*) AS think_count FROM `bid_record` WHERE  `user_id` = 1 [ RunTime:0.000899s ]
[2026-08-17T21:56:07+08:00][sql] SHOW FULL COLUMNS FROM `balance_log` [ RunTime:0.003723s ]
[2026-08-17T21:56:07+08:00][sql] SELECT * FROM `balance_log` WHERE  `user_id` = 1 ORDER BY `id` DESC LIMIT 20 [ RunTime:0.001260s ]
[2026-08-17T21:56:07+08:00][sql] SELECT `b`.*,g.title as goods_title FROM `bid_record` `b` LEFT JOIN `goods` `g` ON `b`.`goods_id`=`g`.`id` WHERE  `b`.`user_id` = '1' ORDER BY `b`.`id` DESC LIMIT 10 [ RunTime:0.000931s ]
[2026-08-17T21:56:07+08:00][sql] CONNECT:[ UseTime:0.014925s ] mysql:host=127.0.0.1;port=3306;dbname=auction;charset=utf8mb4
[2026-08-17T21:56:07+08:00][sql] SHOW FULL COLUMNS FROM `goods` [ RunTime:0.001077s ]
[2026-08-17T21:56:07+08:00][sql] SELECT COUNT(*) AS think_count FROM `goods` `g` LEFT JOIN `user` `u` ON `g`.`seller_id`=`u`.`id` LEFT JOIN `category` `c` ON `g`.`category_id`=`c`.`id` [ RunTime:0.001129s ]
[2026-08-17T21:56:07+08:00][sql] SELECT `g`.*,u.mobile as seller_mobile,u.nickname as seller_name,c.name as category_name FROM `goods` `g` LEFT JOIN `user` `u` ON `g`.`seller_id`=`u`.`id` LEFT JOIN `category` `c` ON `g`.`category_id`=`c`.`id` ORDER BY `g`.`id` DESC LIMIT 0,15 [ RunTime:0.001818s ]
[2026-08-17T21:56:07+08:00][sql] CONNECT:[ UseTime:0.016480s ] mysql:host=127.0.0.1;port=3306;dbname=auction;charset=utf8mb4
[2026-08-17T21:56:07+08:00][sql] SHOW FULL COLUMNS FROM `user` [ RunTime:0.001567s ]
[2026-08-17T21:56:07+08:00][sql] SELECT COUNT(*) AS think_count FROM `user` [ RunTime:0.000521s ]
[2026-08-17T21:56:07+08:00][sql] SELECT `id`,`mobile`,`nickname`,`avatar`,`invite_code`,`pid`,`is_seller`,`seller_check`,`balance`,`freeze_balance`,`points`,`commission_rate`,`total_buy`,`total_sell`,`status`,`reg_ip`,`reg_time`,`last_login_time`,`create_time` FROM `user` ORDER BY `id` DESC LIMIT 0,15 [ RunTime:0.000588s ]
[2026-08-17T21:56:07+08:00][sql] CONNECT:[ UseTime:0.021973s ] mysql:host=127.0.0.1;port=3306;dbname=auction;charset=utf8mb4
[2026-08-17T21:56:07+08:00][sql] SHOW FULL COLUMNS FROM `order` [ RunTime:0.003705s ]
[2026-08-17T21:56:07+08:00][sql] SELECT COUNT(*) AS think_count FROM `order` `o` LEFT JOIN `user` `u` ON `o`.`buyer_id`=`u`.`id` LEFT JOIN `user` `s` ON `o`.`seller_id`=`s`.`id` [ RunTime:0.002852s ]
[2026-08-17T21:56:07+08:00][sql] SELECT `o`.*,u.mobile as buyer_mobile,u.nickname as buyer_name,s.mobile as seller_mobile,s.nickname as seller_name FROM `order` `o` LEFT JOIN `user` `u` ON `o`.`buyer_id`=`u`.`id` LEFT JOIN `user` `s` ON `o`.`seller_id`=`s`.`id` ORDER BY `o`.`id` DESC LIMIT 0,15 [ RunTime:0.001103s ]
[2026-08-17T21:57:32+08:00][sql] CONNECT:[ UseTime:0.006310s ] mysql:host=127.0.0.1;port=3306;dbname=auction;charset=utf8mb4
[2026-08-17T21:57:32+08:00][sql] SHOW FULL COLUMNS FROM `admin_user` [ RunTime:0.003454s ]
[2026-08-17T21:57:32+08:00][sql] SELECT * FROM `admin_user` WHERE  `username` = 'admin' LIMIT 1 [ RunTime:0.004921s ]
[2026-08-17T21:57:32+08:00][sql] UPDATE `admin_user`  SET `last_login_ip` = '127.0.0.1' , `last_login_time` = 1786975052  WHERE  `id` = 1 [ RunTime:0.002011s ]
[2026-08-17T21:57:32+08:00][sql] SHOW FULL COLUMNS FROM `admin_log` [ RunTime:0.003195s ]
[2026-08-17T21:57:32+08:00][sql] INSERT INTO `admin_log` SET `admin_id` = 1 , `action` = '登录后台' , `ip` = '127.0.0.1' , `create_time` = 1786975052 [ RunTime:0.001688s ]
[2026-08-17T21:57:33+08:00][sql] CONNECT:[ UseTime:0.026395s ] mysql:host=127.0.0.1;port=3306;dbname=auction;charset=utf8mb4
[2026-08-17T21:57:33+08:00][sql] SHOW FULL COLUMNS FROM `user` [ RunTime:0.001706s ]
[2026-08-17T21:57:33+08:00][sql] SELECT COUNT(*) AS think_count FROM `user` [ RunTime:0.000743s ]
[2026-08-17T21:57:33+08:00][sql] SELECT COUNT(*) AS think_count FROM `user` WHERE  `is_seller` = 1 [ RunTime:0.000816s ]
[2026-08-17T21:57:33+08:00][sql] SHOW FULL COLUMNS FROM `goods` [ RunTime:0.001259s ]
[2026-08-17T21:57:33+08:00][sql] SELECT COUNT(*) AS think_count FROM `goods` [ RunTime:0.000546s ]
[2026-08-17T21:57:33+08:00][sql] SELECT COUNT(*) AS think_count FROM `goods` WHERE  `status` = 1  AND `end_time` > 1786975053 [ RunTime:0.000829s ]
[2026-08-17T21:57:33+08:00][sql] SHOW FULL COLUMNS FROM `order` [ RunTime:0.003619s ]
[2026-08-17T21:57:33+08:00][sql] SELECT COUNT(*) AS think_count FROM `order` [ RunTime:0.005034s ]
[2026-08-17T21:57:33+08:00][sql] SELECT COUNT(*) AS think_count FROM `order` WHERE  `pay_status` = 0  AND `order_status` = 0 [ RunTime:0.000824s ]
[2026-08-17T21:57:33+08:00][sql] SELECT COUNT(*) AS think_count FROM `goods` WHERE  `status` = 0 [ RunTime:0.000752s ]
[2026-08-17T21:57:33+08:00][sql] SELECT COUNT(*) AS think_count FROM `user` WHERE  `seller_check` = 0 [ RunTime:0.000748s ]
[2026-08-17T21:57:33+08:00][sql] SHOW FULL COLUMNS FROM `withdraw` [ RunTime:0.003212s ]
[2026-08-17T21:57:33+08:00][sql] SELECT COUNT(*) AS think_count FROM `withdraw` WHERE  `status` = 0 [ RunTime:0.000804s ]
[2026-08-17T21:57:33+08:00][sql] SELECT SUM(`price`) AS think_sum FROM `order` WHERE  `pay_status` = 1 [ RunTime:0.000652s ]
[2026-08-17T21:57:33+08:00][sql] SELECT SUM(`commission`) AS think_sum FROM `order` WHERE  `pay_status` = 1 [ RunTime:0.000652s ]
[2026-08-17T21:57:33+08:00][sql] SELECT SUM(`price`) AS think_sum FROM `order` WHERE  `pay_status` = 1  AND `pay_time` > 1786896000 [ RunTime:0.000676s ]
[2026-08-17T21:57:33+08:00][sql] SELECT * FROM `order` ORDER BY `id` DESC LIMIT 8 [ RunTime:0.000779s ]
[2026-08-17T21:57:33+08:00][sql] SHOW FULL COLUMNS FROM `bid_record` [ RunTime:0.005230s ]
[2026-08-17T21:57:33+08:00][sql] SELECT `b`.*,g.title as goods_title,`u`.`nickname`,`u`.`mobile` FROM `bid_record` `b` LEFT JOIN `goods` `g` ON `b`.`goods_id`=`g`.`id` LEFT JOIN `user` `u` ON `b`.`user_id`=`u`.`id` ORDER BY `b`.`id` DESC LIMIT 8 [ RunTime:0.001230s ]
[2026-08-17T21:57:33+08:00][sql] SELECT SUM(`price`) AS think_sum FROM `order` WHERE  `pay_time` >= 1786377600  AND `pay_time` < 1786464000 [ RunTime:0.000718s ]
[2026-08-17T21:57:33+08:00][sql] SELECT COUNT(*) AS think_count FROM `order` WHERE  `pay_time` >= 1786377600  AND `pay_time` < 1786464000 [ RunTime:0.000667s ]
[2026-08-17T21:57:33+08:00][sql] SELECT SUM(`price`) AS think_sum FROM `order` WHERE  `pay_time` >= 1786464000  AND `pay_time` < 1786550400 [ RunTime:0.000641s ]
[2026-08-17T21:57:33+08:00][sql] SELECT COUNT(*) AS think_count FROM `order` WHERE  `pay_time` >= 1786464000  AND `pay_time` < 1786550400 [ RunTime:0.000465s ]
[2026-08-17T21:57:33+08:00][sql] SELECT SUM(`price`) AS think_sum FROM `order` WHERE  `pay_time` >= 1786550400  AND `pay_time` < 1786636800 [ RunTime:0.000399s ]
[2026-08-17T21:57:33+08:00][sql] SELECT COUNT(*) AS think_count FROM `order` WHERE  `pay_time` >= 1786550400  AND `pay_time` < 1786636800 [ RunTime:0.000555s ]
[2026-08-17T21:57:33+08:00][sql] SELECT SUM(`price`) AS think_sum FROM `order` WHERE  `pay_time` >= 1786636800  AND `pay_time` < 1786723200 [ RunTime:0.000630s ]
[2026-08-17T21:57:33+08:00][sql] SELECT COUNT(*) AS think_count FROM `order` WHERE  `pay_time` >= 1786636800  AND `pay_time` < 1786723200 [ RunTime:0.000645s ]
[2026-08-17T21:57:33+08:00][sql] SELECT SUM(`price`) AS think_sum FROM `order` WHERE  `pay_time` >= 1786723200  AND `pay_time` < 1786809600 [ RunTime:0.000635s ]
[2026-08-17T21:57:33+08:00][sql] SELECT COUNT(*) AS think_count FROM `order` WHERE  `pay_time` >= 1786723200  AND `pay_time` < 1786809600 [ RunTime:0.000624s ]
[2026-08-17T21:57:33+08:00][sql] SELECT SUM(`price`) AS think_sum FROM `order` WHERE  `pay_time` >= 1786809600  AND `pay_time` < 1786896000 [ RunTime:0.000638s ]
[2026-08-17T21:57:33+08:00][sql] SELECT COUNT(*) AS think_count FROM `order` WHERE  `pay_time` >= 1786809600  AND `pay_time` < 1786896000 [ RunTime:0.000605s ]
[2026-08-17T21:57:33+08:00][sql] SELECT SUM(`price`) AS think_sum FROM `order` WHERE  `pay_time` >= 1786896000  AND `pay_time` < 1786982400 [ RunTime:0.000756s ]
[2026-08-17T21:57:33+08:00][sql] SELECT COUNT(*) AS think_count FROM `order` WHERE  `pay_time` >= 1786896000  AND `pay_time` < 1786982400 [ RunTime:0.000530s ]
[2026-08-17T21:57:43+08:00][sql] CONNECT:[ UseTime:0.003369s ] mysql:host=127.0.0.1;port=3306;dbname=auction;charset=utf8mb4
[2026-08-17T21:57:43+08:00][sql] SHOW FULL COLUMNS FROM `category` [ RunTime:0.002914s ]
[2026-08-17T21:57:43+08:00][sql] SELECT * FROM `category` WHERE  `status` = 1 ORDER BY `sort` ASC [ RunTime:0.000782s ]
[2026-08-17T21:57:43+08:00][sql] CONNECT:[ UseTime:0.017502s ] mysql:host=127.0.0.1;port=3306;dbname=auction;charset=utf8mb4
[2026-08-17T21:57:43+08:00][sql] SHOW FULL COLUMNS FROM `category` [ RunTime:0.004700s ]
[2026-08-17T21:57:43+08:00][sql] SELECT * FROM `category` WHERE  `status` = 1 ORDER BY `sort` ASC [ RunTime:0.001120s ]
[2026-08-17T21:57:49+08:00][sql] CONNECT:[ UseTime:0.002068s ] mysql:host=127.0.0.1;port=3306;dbname=auction;charset=utf8mb4
[2026-08-17T21:57:49+08:00][sql] SHOW FULL COLUMNS FROM `category` [ RunTime:0.001494s ]
[2026-08-17T21:57:49+08:00][sql] SELECT * FROM `category` ORDER BY `sort` ASC,`id` ASC [ RunTime:0.000849s ]
[2026-08-17T21:57:49+08:00][sql] SHOW FULL COLUMNS FROM `goods` [ RunTime:0.001092s ]
[2026-08-17T21:57:49+08:00][sql] SELECT COUNT(*),`category_id` FROM `goods` GROUP BY `category_id` [ RunTime:0.000539s ]
[2026-08-17T22:02:03+08:00][sql] CONNECT:[ UseTime:0.011365s ] mysql:host=127.0.0.1;port=3306;dbname=auction;charset=utf8mb4
[2026-08-17T22:02:03+08:00][sql] SHOW FULL COLUMNS FROM `category` [ RunTime:0.001937s ]
[2026-08-17T22:02:03+08:00][sql] SELECT * FROM `category` WHERE  `status` = 1 ORDER BY `sort` ASC [ RunTime:0.001117s ]
[2026-08-17T22:02:03+08:00][sql] CONNECT:[ UseTime:0.024875s ] mysql:host=127.0.0.1;port=3306;dbname=auction;charset=utf8mb4
[2026-08-17T22:02:03+08:00][sql] SHOW FULL COLUMNS FROM `category` [ RunTime:0.001394s ]
[2026-08-17T22:02:03+08:00][sql] SELECT * FROM `category` WHERE  `status` = 1 ORDER BY `sort` ASC [ RunTime:0.000738s ]
[2026-08-17T22:02:06+08:00][sql] CONNECT:[ UseTime:0.012550s ] mysql:host=127.0.0.1;port=3306;dbname=auction;charset=utf8mb4
[2026-08-17T22:02:06+08:00][sql] SHOW FULL COLUMNS FROM `category` [ RunTime:0.002974s ]
[2026-08-17T22:02:06+08:00][sql] SELECT * FROM `category` ORDER BY `sort` ASC,`id` ASC [ RunTime:0.000769s ]
[2026-08-17T22:02:06+08:00][sql] SHOW FULL COLUMNS FROM `goods` [ RunTime:0.003135s ]
[2026-08-17T22:02:06+08:00][sql] SELECT COUNT(*),`category_id` FROM `goods` GROUP BY `category_id` [ RunTime:0.000859s ]
[2026-08-17T22:02:11+08:00][sql] CONNECT:[ UseTime:0.021881s ] mysql:host=127.0.0.1;port=3306;dbname=auction;charset=utf8mb4
[2026-08-17T22:02:11+08:00][sql] SHOW FULL COLUMNS FROM `category` [ RunTime:0.001560s ]
[2026-08-17T22:02:11+08:00][sql] SELECT * FROM `category` ORDER BY `sort` ASC,`id` ASC [ RunTime:0.000854s ]
[2026-08-17T22:02:11+08:00][sql] SHOW FULL COLUMNS FROM `goods` [ RunTime:0.001601s ]
[2026-08-17T22:02:11+08:00][sql] SELECT COUNT(*),`category_id` FROM `goods` GROUP BY `category_id` [ RunTime:0.000735s ]
[2026-08-17T22:02:13+08:00][sql] CONNECT:[ UseTime:0.002017s ] mysql:host=127.0.0.1;port=3306;dbname=auction;charset=utf8mb4
[2026-08-17T22:02:13+08:00][sql] SHOW FULL COLUMNS FROM `category` [ RunTime:0.001598s ]
[2026-08-17T22:02:13+08:00][sql] SELECT * FROM `category` WHERE  `status` = 1 ORDER BY `sort` ASC [ RunTime:0.000884s ]
[2026-08-17T22:02:13+08:00][sql] CONNECT:[ UseTime:0.001938s ] mysql:host=127.0.0.1;port=3306;dbname=auction;charset=utf8mb4
[2026-08-17T22:02:13+08:00][sql] SHOW FULL COLUMNS FROM `category` [ RunTime:0.001129s ]
[2026-08-17T22:02:13+08:00][sql] SELECT * FROM `category` WHERE  `status` = 1 ORDER BY `sort` ASC [ RunTime:0.000592s ]
[2026-08-17T22:02:24+08:00][sql] CONNECT:[ UseTime:0.005423s ] mysql:host=127.0.0.1;port=3306;dbname=auction;charset=utf8mb4
[2026-08-17T22:02:24+08:00][sql] SHOW FULL COLUMNS FROM `setting` [ RunTime:0.004387s ]
[2026-08-17T22:02:24+08:00][sql] SELECT `value`,`name` FROM `setting` [ RunTime:0.001167s ]
[2026-08-17T22:04:02+08:00][sql] CONNECT:[ UseTime:0.002166s ] mysql:host=127.0.0.1;port=3306;dbname=auction;charset=utf8mb4
[2026-08-17T22:04:02+08:00][sql] SHOW FULL COLUMNS FROM `user` [ RunTime:0.001505s ]
[2026-08-17T22:04:02+08:00][sql] SELECT COUNT(*) AS think_count FROM `user` [ RunTime:0.000656s ]
[2026-08-17T22:04:02+08:00][sql] SELECT `id`,`mobile`,`nickname`,`avatar`,`invite_code`,`pid`,`is_seller`,`seller_check`,`balance`,`freeze_balance`,`points`,`commission_rate`,`total_buy`,`total_sell`,`status`,`reg_ip`,`reg_time`,`last_login_time`,`create_time` FROM `user` ORDER BY `id` DESC LIMIT 0,15 [ RunTime:0.000686s ]
[2026-08-17T22:04:08+08:00][sql] CONNECT:[ UseTime:0.002036s ] mysql:host=127.0.0.1;port=3306;dbname=auction;charset=utf8mb4
[2026-08-17T22:04:08+08:00][sql] SHOW FULL COLUMNS FROM `user` [ RunTime:0.001866s ]
[2026-08-17T22:04:08+08:00][sql] SELECT COUNT(*) AS think_count FROM `user` WHERE  `seller_check` = 0 [ RunTime:0.000870s ]
[2026-08-17T22:04:08+08:00][sql] SELECT `id`,`mobile`,`nickname`,`avatar`,`invite_code`,`pid`,`is_seller`,`seller_check`,`balance`,`freeze_balance`,`points`,`commission_rate`,`total_buy`,`total_sell`,`status`,`reg_ip`,`reg_time`,`last_login_time`,`create_time` FROM `user` WHERE  `seller_check` = 0 ORDER BY `id` DESC LIMIT 0,15 [ RunTime:0.000834s ]
[2026-08-17T22:04:12+08:00][sql] CONNECT:[ UseTime:0.004093s ] mysql:host=127.0.0.1;port=3306;dbname=auction;charset=utf8mb4
[2026-08-17T22:04:12+08:00][sql] SHOW FULL COLUMNS FROM `category` [ RunTime:0.001482s ]
[2026-08-17T22:04:12+08:00][sql] SELECT * FROM `category` WHERE  `status` = 1 ORDER BY `sort` ASC [ RunTime:0.000931s ]
[2026-08-17T22:04:12+08:00][sql] CONNECT:[ UseTime:0.014620s ] mysql:host=127.0.0.1;port=3306;dbname=auction;charset=utf8mb4
[2026-08-17T22:04:12+08:00][sql] SHOW FULL COLUMNS FROM `goods` [ RunTime:0.002195s ]
[2026-08-17T22:04:12+08:00][sql] SELECT COUNT(*) AS think_count FROM `goods` `g` LEFT JOIN `user` `u` ON `g`.`seller_id`=`u`.`id` LEFT JOIN `category` `c` ON `g`.`category_id`=`c`.`id` [ RunTime:0.001043s ]
[2026-08-17T22:04:12+08:00][sql] SELECT `g`.*,u.mobile as seller_mobile,u.nickname as seller_name,c.name as category_name FROM `goods` `g` LEFT JOIN `user` `u` ON `g`.`seller_id`=`u`.`id` LEFT JOIN `category` `c` ON `g`.`category_id`=`c`.`id` ORDER BY `g`.`id` DESC LIMIT 0,15 [ RunTime:0.001672s ]
[2026-08-17T22:04:15+08:00][sql] CONNECT:[ UseTime:0.024309s ] mysql:host=127.0.0.1;port=3306;dbname=auction;charset=utf8mb4
[2026-08-17T22:04:15+08:00][sql] SHOW FULL COLUMNS FROM `goods` [ RunTime:0.002902s ]
[2026-08-17T22:04:15+08:00][sql] SELECT COUNT(*) AS think_count FROM `goods` `g` LEFT JOIN `user` `u` ON `g`.`seller_id`=`u`.`id` WHERE  `g`.`status` = '0' [ RunTime:0.000941s ]
[2026-08-17T22:04:15+08:00][sql] SELECT `g`.*,u.mobile as seller_mobile,u.nickname as seller_name FROM `goods` `g` LEFT JOIN `user` `u` ON `g`.`seller_id`=`u`.`id` WHERE  `g`.`status` = '0' ORDER BY `g`.`id` DESC LIMIT 0,15 [ RunTime:0.001542s ]
[2026-08-17T22:04:18+08:00][sql] CONNECT:[ UseTime:0.015479s ] mysql:host=127.0.0.1;port=3306;dbname=auction;charset=utf8mb4
[2026-08-17T22:04:18+08:00][sql] SHOW FULL COLUMNS FROM `bid_record` [ RunTime:0.001400s ]
[2026-08-17T22:04:18+08:00][sql] SELECT COUNT(*) AS think_count FROM `bid_record` `b` LEFT JOIN `goods` `g` ON `b`.`goods_id`=`g`.`id` LEFT JOIN `user` `u` ON `b`.`user_id`=`u`.`id` [ RunTime:0.000868s ]
[2026-08-17T22:04:18+08:00][sql] SELECT `b`.*,g.title as goods_title,`u`.`mobile`,`u`.`nickname` FROM `bid_record` `b` LEFT JOIN `goods` `g` ON `b`.`goods_id`=`g`.`id` LEFT JOIN `user` `u` ON `b`.`user_id`=`u`.`id` ORDER BY `b`.`id` DESC LIMIT 0,15 [ RunTime:0.001053s ]
[2026-08-17T22:04:21+08:00][sql] CONNECT:[ UseTime:0.017393s ] mysql:host=127.0.0.1;port=3306;dbname=auction;charset=utf8mb4
[2026-08-17T22:04:21+08:00][sql] SHOW FULL COLUMNS FROM `order` [ RunTime:0.001584s ]
[2026-08-17T22:04:21+08:00][sql] SELECT COUNT(*) AS think_count FROM `order` `o` LEFT JOIN `user` `u` ON `o`.`buyer_id`=`u`.`id` LEFT JOIN `user` `s` ON `o`.`seller_id`=`s`.`id` [ RunTime:0.002981s ]
[2026-08-17T22:04:21+08:00][sql] SELECT `o`.*,u.mobile as buyer_mobile,u.nickname as buyer_name,s.mobile as seller_mobile,s.nickname as seller_name FROM `order` `o` LEFT JOIN `user` `u` ON `o`.`buyer_id`=`u`.`id` LEFT JOIN `user` `s` ON `o`.`seller_id`=`s`.`id` ORDER BY `o`.`id` DESC LIMIT 0,15 [ RunTime:0.000934s ]
[2026-08-17T22:04:24+08:00][sql] CONNECT:[ UseTime:0.022367s ] mysql:host=127.0.0.1;port=3306;dbname=auction;charset=utf8mb4
[2026-08-17T22:04:24+08:00][sql] SHOW FULL COLUMNS FROM `withdraw` [ RunTime:0.001664s ]
[2026-08-17T22:04:24+08:00][sql] SELECT COUNT(*) AS think_count FROM `withdraw` `w` LEFT JOIN `user` `u` ON `w`.`user_id`=`u`.`id` WHERE  `w`.`status` = '0' [ RunTime:0.000840s ]
[2026-08-17T22:04:24+08:00][sql] SELECT `w`.*,`u`.`mobile`,`u`.`nickname` FROM `withdraw` `w` LEFT JOIN `user` `u` ON `w`.`user_id`=`u`.`id` WHERE  `w`.`status` = '0' ORDER BY `w`.`id` DESC LIMIT 0,15 [ RunTime:0.000770s ]
[2026-08-17T22:04:25+08:00][sql] CONNECT:[ UseTime:0.003061s ] mysql:host=127.0.0.1;port=3306;dbname=auction;charset=utf8mb4
[2026-08-17T22:04:25+08:00][sql] SHOW FULL COLUMNS FROM `balance_log` [ RunTime:0.003354s ]
[2026-08-17T22:04:25+08:00][sql] SELECT COUNT(*) AS think_count FROM `balance_log` `l` LEFT JOIN `user` `u` ON `l`.`user_id`=`u`.`id` [ RunTime:0.000813s ]
[2026-08-17T22:04:25+08:00][sql] SELECT `l`.*,`u`.`mobile`,`u`.`nickname` FROM `balance_log` `l` LEFT JOIN `user` `u` ON `l`.`user_id`=`u`.`id` ORDER BY `l`.`id` DESC LIMIT 0,15 [ RunTime:0.000945s ]
[2026-08-17T22:04:30+08:00][sql] CONNECT:[ UseTime:0.014376s ] mysql:host=127.0.0.1;port=3306;dbname=auction;charset=utf8mb4
[2026-08-17T22:04:30+08:00][sql] SHOW FULL COLUMNS FROM `user` [ RunTime:0.001376s ]
[2026-08-17T22:04:30+08:00][sql] SELECT COUNT(*) AS think_count FROM `user` [ RunTime:0.000497s ]
[2026-08-17T22:04:30+08:00][sql] SELECT `id`,`mobile`,`nickname`,`avatar`,`invite_code`,`pid`,`is_seller`,`seller_check`,`balance`,`freeze_balance`,`points`,`commission_rate`,`total_buy`,`total_sell`,`status`,`reg_ip`,`reg_time`,`last_login_time`,`create_time` FROM `user` ORDER BY `id` DESC LIMIT 0,15 [ RunTime:0.000540s ]
[2026-08-17T22:05:19+08:00][sql] CONNECT:[ UseTime:0.013237s ] mysql:host=127.0.0.1;port=3306;dbname=auction;charset=utf8mb4
[2026-08-17T22:05:19+08:00][sql] SHOW FULL COLUMNS FROM `user` [ RunTime:0.001324s ]
[2026-08-17T22:05:19+08:00][sql] SELECT COUNT(*) AS think_count FROM `user` [ RunTime:0.000577s ]
[2026-08-17T22:05:19+08:00][sql] SELECT `id`,`mobile`,`nickname`,`avatar`,`invite_code`,`pid`,`is_seller`,`seller_check`,`balance`,`freeze_balance`,`points`,`commission_rate`,`total_buy`,`total_sell`,`status`,`reg_ip`,`reg_time`,`last_login_time`,`create_time` FROM `user` ORDER BY `id` DESC LIMIT 0,15 [ RunTime:0.000655s ]
[2026-08-17T22:12:53+08:00][sql] CONNECT:[ UseTime:0.012050s ] mysql:host=127.0.0.1;port=3306;dbname=auction;charset=utf8mb4
[2026-08-17T22:12:53+08:00][sql] SHOW FULL COLUMNS FROM `user` [ RunTime:0.001574s ]
[2026-08-17T22:12:53+08:00][sql] SELECT COUNT(*) AS think_count FROM `user` WHERE  `seller_check` = 0 [ RunTime:0.000877s ]
[2026-08-17T22:12:53+08:00][sql] SELECT `id`,`mobile`,`nickname`,`avatar`,`invite_code`,`pid`,`is_seller`,`seller_check`,`balance`,`freeze_balance`,`points`,`commission_rate`,`total_buy`,`total_sell`,`status`,`reg_ip`,`reg_time`,`last_login_time`,`create_time` FROM `user` WHERE  `seller_check` = 0 ORDER BY `id` DESC LIMIT 0,15 [ RunTime:0.001078s ]
[2026-08-17T22:12:56+08:00][sql] CONNECT:[ UseTime:0.025645s ] mysql:host=127.0.0.1;port=3306;dbname=auction;charset=utf8mb4
[2026-08-17T22:12:56+08:00][sql] SHOW FULL COLUMNS FROM `user` [ RunTime:0.001612s ]
[2026-08-17T22:12:56+08:00][sql] SELECT * FROM `user` WHERE  `id` = 4 LIMIT 1 [ RunTime:0.000857s ]
[2026-08-17T22:12:56+08:00][sql] SHOW FULL COLUMNS FROM `goods` [ RunTime:0.001340s ]
[2026-08-17T22:12:56+08:00][sql] SELECT COUNT(*) AS think_count FROM `goods` WHERE  `seller_id` = 4  AND `status` = 2 [ RunTime:0.000824s ]
[2026-08-17T22:12:56+08:00][sql] SHOW FULL COLUMNS FROM `order` [ RunTime:0.001354s ]
[2026-08-17T22:12:56+08:00][sql] SELECT COUNT(*) AS think_count FROM `order` WHERE  `buyer_id` = 4  AND `pay_status` = 1 [ RunTime:0.000789s ]
[2026-08-17T22:12:56+08:00][sql] SHOW FULL COLUMNS FROM `bid_record` [ RunTime:0.002845s ]
[2026-08-17T22:12:56+08:00][sql] SELECT COUNT(*) AS think_count FROM `bid_record` WHERE  `user_id` = 4 [ RunTime:0.000754s ]
[2026-08-17T22:12:56+08:00][sql] SHOW FULL COLUMNS FROM `balance_log` [ RunTime:0.003297s ]
[2026-08-17T22:12:56+08:00][sql] SELECT * FROM `balance_log` WHERE  `user_id` = 4 ORDER BY `id` DESC LIMIT 20 [ RunTime:0.000888s ]
[2026-08-17T22:12:56+08:00][sql] SELECT `b`.*,g.title as goods_title FROM `bid_record` `b` LEFT JOIN `goods` `g` ON `b`.`goods_id`=`g`.`id` WHERE  `b`.`user_id` = '4' ORDER BY `b`.`id` DESC LIMIT 10 [ RunTime:0.001169s ]
[2026-08-17T22:13:03+08:00][sql] CONNECT:[ UseTime:0.025636s ] mysql:host=127.0.0.1;port=3306;dbname=auction;charset=utf8mb4
[2026-08-17T22:13:03+08:00][sql] SHOW FULL COLUMNS FROM `user` [ RunTime:0.001630s ]
[2026-08-17T22:13:03+08:00][sql] SELECT COUNT(*) AS think_count FROM `user` WHERE  `seller_check` = 0 [ RunTime:0.000717s ]
[2026-08-17T22:13:03+08:00][sql] SELECT `id`,`mobile`,`nickname`,`avatar`,`invite_code`,`pid`,`is_seller`,`seller_check`,`balance`,`freeze_balance`,`points`,`commission_rate`,`total_buy`,`total_sell`,`status`,`reg_ip`,`reg_time`,`last_login_time`,`create_time` FROM `user` WHERE  `seller_check` = 0 ORDER BY `id` DESC LIMIT 0,15 [ RunTime:0.000687s ]
[2026-08-17T22:15:37+08:00][sql] CONNECT:[ UseTime:0.023177s ] mysql:host=127.0.0.1;port=3306;dbname=auction;charset=utf8mb4
[2026-08-17T22:15:37+08:00][sql] SHOW FULL COLUMNS FROM `user` [ RunTime:0.001379s ]
[2026-08-17T22:15:37+08:00][sql] SELECT COUNT(*) AS think_count FROM `user` [ RunTime:0.000651s ]
[2026-08-17T22:15:37+08:00][sql] SELECT COUNT(*) AS think_count FROM `user` WHERE  `is_seller` = 1 [ RunTime:0.000758s ]
[2026-08-17T22:15:37+08:00][sql] SHOW FULL COLUMNS FROM `goods` [ RunTime:0.001349s ]
[2026-08-17T22:15:37+08:00][sql] SELECT COUNT(*) AS think_count FROM `goods` [ RunTime:0.000644s ]
[2026-08-17T22:15:37+08:00][sql] SELECT COUNT(*) AS think_count FROM `goods` WHERE  `status` = 1  AND `end_time` > 1786976137 [ RunTime:0.000757s ]
[2026-08-17T22:15:37+08:00][sql] SHOW FULL COLUMNS FROM `order` [ RunTime:0.001393s ]
[2026-08-17T22:15:37+08:00][sql] SELECT COUNT(*) AS think_count FROM `order` [ RunTime:0.000679s ]
[2026-08-17T22:15:37+08:00][sql] SELECT COUNT(*) AS think_count FROM `order` WHERE  `pay_status` = 0  AND `order_status` = 0 [ RunTime:0.000701s ]
[2026-08-17T22:15:37+08:00][sql] SELECT COUNT(*) AS think_count FROM `goods` WHERE  `status` = 0 [ RunTime:0.000729s ]
[2026-08-17T22:15:37+08:00][sql] SELECT COUNT(*) AS think_count FROM `user` WHERE  `seller_check` = 0 [ RunTime:0.000703s ]
[2026-08-17T22:15:37+08:00][sql] SHOW FULL COLUMNS FROM `withdraw` [ RunTime:0.001266s ]
[2026-08-17T22:15:37+08:00][sql] SELECT COUNT(*) AS think_count FROM `withdraw` WHERE  `status` = 0 [ RunTime:0.000858s ]
[2026-08-17T22:15:37+08:00][sql] SELECT SUM(`price`) AS think_sum FROM `order` WHERE  `pay_status` = 1 [ RunTime:0.000753s ]
[2026-08-17T22:15:37+08:00][sql] SELECT SUM(`commission`) AS think_sum FROM `order` WHERE  `pay_status` = 1 [ RunTime:0.000731s ]
[2026-08-17T22:15:37+08:00][sql] SELECT SUM(`price`) AS think_sum FROM `order` WHERE  `pay_status` = 1  AND `pay_time` > 1786896000 [ RunTime:0.000692s ]
[2026-08-17T22:15:37+08:00][sql] SELECT * FROM `order` ORDER BY `id` DESC LIMIT 8 [ RunTime:0.000620s ]
[2026-08-17T22:15:37+08:00][sql] SHOW FULL COLUMNS FROM `bid_record` [ RunTime:0.002988s ]
[2026-08-17T22:15:37+08:00][sql] SELECT `b`.*,g.title as goods_title,`u`.`nickname`,`u`.`mobile` FROM `bid_record` `b` LEFT JOIN `goods` `g` ON `b`.`goods_id`=`g`.`id` LEFT JOIN `user` `u` ON `b`.`user_id`=`u`.`id` ORDER BY `b`.`id` DESC LIMIT 8 [ RunTime:0.001041s ]
[2026-08-17T22:15:37+08:00][sql] SELECT SUM(`price`) AS think_sum FROM `order` WHERE  `pay_time` >= 1786377600  AND `pay_time` < 1786464000 [ RunTime:0.000727s ]
[2026-08-17T22:15:37+08:00][sql] SELECT COUNT(*) AS think_count FROM `order` WHERE  `pay_time` >= 1786377600  AND `pay_time` < 1786464000 [ RunTime:0.000648s ]
[2026-08-17T22:15:37+08:00][sql] SELECT SUM(`price`) AS think_sum FROM `order` WHERE  `pay_time` >= 1786464000  AND `pay_time` < 1786550400 [ RunTime:0.000642s ]
[2026-08-17T22:15:37+08:00][sql] SELECT COUNT(*) AS think_count FROM `order` WHERE  `pay_time` >= 1786464000  AND `pay_time` < 1786550400 [ RunTime:0.000626s ]
[2026-08-17T22:15:37+08:00][sql] SELECT SUM(`price`) AS think_sum FROM `order` WHERE  `pay_time` >= 1786550400  AND `pay_time` < 1786636800 [ RunTime:0.000562s ]
[2026-08-17T22:15:37+08:00][sql] SELECT COUNT(*) AS think_count FROM `order` WHERE  `pay_time` >= 1786550400  AND `pay_time` < 1786636800 [ RunTime:0.000528s ]
[2026-08-17T22:15:37+08:00][sql] SELECT SUM(`price`) AS think_sum FROM `order` WHERE  `pay_time` >= 1786636800  AND `pay_time` < 1786723200 [ RunTime:0.000762s ]
[2026-08-17T22:15:37+08:00][sql] SELECT COUNT(*) AS think_count FROM `order` WHERE  `pay_time` >= 1786636800  AND `pay_time` < 1786723200 [ RunTime:0.000762s ]
[2026-08-17T22:15:37+08:00][sql] SELECT SUM(`price`) AS think_sum FROM `order` WHERE  `pay_time` >= 1786723200  AND `pay_time` < 1786809600 [ RunTime:0.001122s ]
[2026-08-17T22:15:37+08:00][sql] SELECT COUNT(*) AS think_count FROM `order` WHERE  `pay_time` >= 1786723200  AND `pay_time` < 1786809600 [ RunTime:0.000662s ]
[2026-08-17T22:15:37+08:00][sql] SELECT SUM(`price`) AS think_sum FROM `order` WHERE  `pay_time` >= 1786809600  AND `pay_time` < 1786896000 [ RunTime:0.001198s ]
[2026-08-17T22:15:37+08:00][sql] SELECT COUNT(*) AS think_count FROM `order` WHERE  `pay_time` >= 1786809600  AND `pay_time` < 1786896000 [ RunTime:0.000811s ]
[2026-08-17T22:15:37+08:00][sql] SELECT SUM(`price`) AS think_sum FROM `order` WHERE  `pay_time` >= 1786896000  AND `pay_time` < 1786982400 [ RunTime:0.000808s ]
[2026-08-17T22:15:37+08:00][sql] SELECT COUNT(*) AS think_count FROM `order` WHERE  `pay_time` >= 1786896000  AND `pay_time` < 1786982400 [ RunTime:0.000737s ]
[2026-08-17T22:42:56+08:00][sql] CONNECT:[ UseTime:0.001778s ] mysql:host=127.0.0.1;port=3306;dbname=auction;charset=utf8mb4
[2026-08-17T22:42:56+08:00][sql] SHOW FULL COLUMNS FROM `user` [ RunTime:0.001442s ]
[2026-08-17T22:42:56+08:00][sql] SELECT COUNT(*) AS think_count FROM `user` WHERE  `seller_check` = 0 [ RunTime:0.000663s ]
[2026-08-17T22:42:56+08:00][sql] SELECT `id`,`mobile`,`nickname`,`avatar`,`invite_code`,`pid`,`is_seller`,`seller_check`,`balance`,`freeze_balance`,`points`,`commission_rate`,`total_buy`,`total_sell`,`status`,`reg_ip`,`reg_time`,`last_login_time`,`create_time` FROM `user` WHERE  `seller_check` = 0 ORDER BY `id` DESC LIMIT 0,15 [ RunTime:0.000672s ]
[2026-08-17T22:43:02+08:00][sql] CONNECT:[ UseTime:0.021909s ] mysql:host=127.0.0.1;port=3306;dbname=auction;charset=utf8mb4
[2026-08-17T22:43:02+08:00][sql] SHOW FULL COLUMNS FROM `user` [ RunTime:0.001764s ]
[2026-08-17T22:43:02+08:00][sql] SELECT * FROM `user` WHERE  `id` = 20 LIMIT 1 [ RunTime:0.000877s ]
[2026-08-17T22:43:02+08:00][sql] UPDATE `user`  SET `seller_check` = 1 , `is_seller` = 1  WHERE  `id` = 20 [ RunTime:0.001725s ]
[2026-08-17T22:43:02+08:00][sql] SHOW FULL COLUMNS FROM `admin_log` [ RunTime:0.002932s ]
[2026-08-17T22:43:04+08:00][sql] CONNECT:[ UseTime:0.002237s ] mysql:host=127.0.0.1;port=3306;dbname=auction;charset=utf8mb4
[2026-08-17T22:43:04+08:00][sql] SHOW FULL COLUMNS FROM `user` [ RunTime:0.001558s ]
[2026-08-17T22:43:04+08:00][sql] SELECT COUNT(*) AS think_count FROM `user` WHERE  `seller_check` = 0 [ RunTime:0.000832s ]
[2026-08-17T22:43:04+08:00][sql] SELECT `id`,`mobile`,`nickname`,`avatar`,`invite_code`,`pid`,`is_seller`,`seller_check`,`balance`,`freeze_balance`,`points`,`commission_rate`,`total_buy`,`total_sell`,`status`,`reg_ip`,`reg_time`,`last_login_time`,`create_time` FROM `user` WHERE  `seller_check` = 0 ORDER BY `id` DESC LIMIT 0,15 [ RunTime:0.000738s ]
