[2026-08-21T16:37:09+08:00][sql] CONNECT:[ UseTime:0.000723s ] mysql:host=127.0.0.1;port=3306;dbname=jp;charset=utf8mb4
[2026-08-21T16:37:09+08:00][sql] SHOW FULL COLUMNS FROM `admin_user` [ RunTime:0.012224s ]
[2026-08-21T16:37:09+08:00][sql] SELECT * FROM `admin_user` WHERE  `username` = 'admin' LIMIT 1 [ RunTime:0.000483s ]
[2026-08-21T16:37:09+08:00][sql] UPDATE `admin_user`  SET `last_login_ip` = '127.0.0.1' , `last_login_time` = 1787301429  WHERE  `id` = 1 [ RunTime:0.002449s ]
[2026-08-21T16:37:09+08:00][sql] SHOW FULL COLUMNS FROM `admin_log` [ RunTime:0.009911s ]
[2026-08-21T16:37:09+08:00][sql] INSERT INTO `admin_log` SET `admin_id` = 1 , `action` = '登录后台' , `ip` = '127.0.0.1' , `create_time` = 1787301429 [ RunTime:0.000752s ]
[2026-08-21T16:37:09+08:00][sql] CONNECT:[ UseTime:0.000932s ] mysql:host=127.0.0.1;port=3306;dbname=jp;charset=utf8mb4
[2026-08-21T16:37:09+08:00][sql] SHOW FULL COLUMNS FROM `user` [ RunTime:0.000831s ]
[2026-08-21T16:37:09+08:00][sql] SELECT COUNT(*) AS think_count FROM `user` [ RunTime:0.000456s ]
[2026-08-21T16:37:09+08:00][sql] SELECT COUNT(*) AS think_count FROM `user` WHERE  `is_seller` = 1 [ RunTime:0.000188s ]
[2026-08-21T16:37:09+08:00][sql] SHOW FULL COLUMNS FROM `goods` [ RunTime:0.000482s ]
[2026-08-21T16:37:09+08:00][sql] SELECT COUNT(*) AS think_count FROM `goods` [ RunTime:0.000148s ]
[2026-08-21T16:37:09+08:00][sql] SELECT COUNT(*) AS think_count FROM `goods` WHERE  `status` = 1  AND `end_time` > 1787301429 [ RunTime:0.000177s ]
[2026-08-21T16:37:09+08:00][sql] SHOW FULL COLUMNS FROM `order` [ RunTime:0.010314s ]
[2026-08-21T16:37:09+08:00][sql] SELECT COUNT(*) AS think_count FROM `order` [ RunTime:0.000341s ]
[2026-08-21T16:37:09+08:00][sql] SELECT COUNT(*) AS think_count FROM `order` WHERE  `pay_status` = 0  AND `order_status` = 0 [ RunTime:0.000208s ]
[2026-08-21T16:37:09+08:00][sql] SELECT COUNT(*) AS think_count FROM `goods` WHERE  `status` = 0 [ RunTime:0.000180s ]
[2026-08-21T16:37:09+08:00][sql] SELECT COUNT(*) AS think_count FROM `user` WHERE  `seller_check` = 0 [ RunTime:0.000168s ]
[2026-08-21T16:37:09+08:00][sql] SHOW FULL COLUMNS FROM `withdraw` [ RunTime:0.013117s ]
[2026-08-21T16:37:09+08:00][sql] SELECT COUNT(*) AS think_count FROM `withdraw` WHERE  `status` = 0 [ RunTime:0.000393s ]
[2026-08-21T16:37:09+08:00][sql] SELECT SUM(`price`) AS think_sum FROM `order` WHERE  `pay_status` = 1 [ RunTime:0.000181s ]
[2026-08-21T16:37:09+08:00][sql] SELECT SUM(`commission`) AS think_sum FROM `order` WHERE  `pay_status` = 1 [ RunTime:0.000145s ]
[2026-08-21T16:37:09+08:00][sql] SELECT SUM(`price`) AS think_sum FROM `order` WHERE  `pay_status` = 1  AND `pay_time` > 1787241600 [ RunTime:0.000288s ]
[2026-08-21T16:37:09+08:00][sql] SELECT * FROM `order` ORDER BY `id` DESC LIMIT 8 [ RunTime:0.000209s ]
[2026-08-21T16:37:09+08:00][sql] SHOW FULL COLUMNS FROM `bid_record` [ RunTime:0.000475s ]
[2026-08-21T16:37:09+08:00][sql] SELECT `b`.*,g.title as goods_title,`u`.`nickname`,`u`.`mobile` FROM `bid_record` `b` LEFT JOIN `goods` `g` ON `b`.`goods_id`=`g`.`id` LEFT JOIN `user` `u` ON `b`.`user_id`=`u`.`id` ORDER BY `b`.`id` DESC LIMIT 8 [ RunTime:0.000248s ]
[2026-08-21T16:37:09+08:00][sql] SELECT SUM(`price`) AS think_sum FROM `order` WHERE  `pay_time` >= 1786723200  AND `pay_time` < 1786809600 [ RunTime:0.000176s ]
[2026-08-21T16:37:09+08:00][sql] SELECT COUNT(*) AS think_count FROM `order` WHERE  `pay_time` >= 1786723200  AND `pay_time` < 1786809600 [ RunTime:0.000156s ]
[2026-08-21T16:37:09+08:00][sql] SELECT SUM(`price`) AS think_sum FROM `order` WHERE  `pay_time` >= 1786809600  AND `pay_time` < 1786896000 [ RunTime:0.000153s ]
[2026-08-21T16:37:09+08:00][sql] SELECT COUNT(*) AS think_count FROM `order` WHERE  `pay_time` >= 1786809600  AND `pay_time` < 1786896000 [ RunTime:0.000150s ]
[2026-08-21T16:37:09+08:00][sql] SELECT SUM(`price`) AS think_sum FROM `order` WHERE  `pay_time` >= 1786896000  AND `pay_time` < 1786982400 [ RunTime:0.000159s ]
[2026-08-21T16:37:09+08:00][sql] SELECT COUNT(*) AS think_count FROM `order` WHERE  `pay_time` >= 1786896000  AND `pay_time` < 1786982400 [ RunTime:0.000150s ]
[2026-08-21T16:37:09+08:00][sql] SELECT SUM(`price`) AS think_sum FROM `order` WHERE  `pay_time` >= 1786982400  AND `pay_time` < 1787068800 [ RunTime:0.000159s ]
[2026-08-21T16:37:09+08:00][sql] SELECT COUNT(*) AS think_count FROM `order` WHERE  `pay_time` >= 1786982400  AND `pay_time` < 1787068800 [ RunTime:0.000154s ]
[2026-08-21T16:37:09+08:00][sql] SELECT SUM(`price`) AS think_sum FROM `order` WHERE  `pay_time` >= 1787068800  AND `pay_time` < 1787155200 [ RunTime:0.000161s ]
[2026-08-21T16:37:09+08:00][sql] SELECT COUNT(*) AS think_count FROM `order` WHERE  `pay_time` >= 1787068800  AND `pay_time` < 1787155200 [ RunTime:0.000149s ]
[2026-08-21T16:37:09+08:00][sql] SELECT SUM(`price`) AS think_sum FROM `order` WHERE  `pay_time` >= 1787155200  AND `pay_time` < 1787241600 [ RunTime:0.000158s ]
[2026-08-21T16:37:09+08:00][sql] SELECT COUNT(*) AS think_count FROM `order` WHERE  `pay_time` >= 1787155200  AND `pay_time` < 1787241600 [ RunTime:0.000150s ]
[2026-08-21T16:37:09+08:00][sql] SELECT SUM(`price`) AS think_sum FROM `order` WHERE  `pay_time` >= 1787241600  AND `pay_time` < 1787328000 [ RunTime:0.000165s ]
[2026-08-21T16:37:09+08:00][sql] SELECT COUNT(*) AS think_count FROM `order` WHERE  `pay_time` >= 1787241600  AND `pay_time` < 1787328000 [ RunTime:0.000153s ]
